../Drivers/CMSIS/Include/core_cm4.h:1653:22:__NVIC_SetPriorityGrouping	24	static
../Drivers/CMSIS/Include/core_cm4.h:1684:22:__NVIC_EnableIRQ	16	static,ignoring_inline_asm
../Drivers/CMSIS/Include/core_cm4.h:1814:22:__NVIC_SetPriority	16	static
../Drivers/CMSIS/Include/core_cm4.h:1861:26:NVIC_EncodePriority	40	static
../Core/Src/motor_control.c:21:6:Motors_Init	4	static
../Core/Src/motor_control.c:98:6:PID_Odom_Interrupt_Init	16	static
../Core/Src/motor_control.c:125:6:TIM1_UP_TIM10_IRQHandler	8	static
../Core/Src/motor_control.c:152:6:Set_Motor_Speed	16	static
../Core/Src/motor_control.c:159:6:Speed_Loop	8	static
../Core/Src/motor_control.c:168:6:Set_Motor_Direction	16	static
../Core/Src/motor_control.c:190:6:Set_Motor_PWM	16	static
../Core/Src/motor_control.c:203:6:Set_Pin	24	static
