../Drivers/CMSIS/Include/core_cm4.h:1653:22:__NVIC_SetPriorityGrouping	24	static
../Drivers/CMSIS/Include/core_cm4.h:1684:22:__NVIC_EnableIRQ	16	static,ignoring_inline_asm
../Drivers/CMSIS/Include/core_cm4.h:1814:22:__NVIC_SetPriority	16	static
../Drivers/CMSIS/Include/core_cm4.h:1861:26:NVIC_EncodePriority	40	static
../Core/Inc/circular_buffer.h:20:20:buffer_write	16	static
../Core/Inc/circular_buffer.h:30:23:buffer_read	24	static
../Core/Inc/circular_buffer.h:45:23:buffer_check	24	static
../Core/Src/uart.c:47:6:USART2_Init	16	static
../Core/Src/uart.c:79:6:USART2_IRQHandler	8	static
../Core/Src/uart.c:88:6:UART_Interrupt_Init	16	static
../Core/Src/uart.c:116:6:TIM1_TRG_COM_TIM11_IRQHandler	4	static
../Core/Src/uart.c:131:6:Send_Byte	16	static
../Core/Src/uart.c:138:6:Send_Buffer	8	static
../Core/Src/uart.c:149:10:Read_Buffer	24	static
../Core/Src/uart.c:166:6:Send_Command	24	static
