Archive member included to satisfy reference by file (symbol)

/home/xenia/st/stm32cubeide_1.14.0/plugins/com.st.stm32cube.ide.mcu.externaltools.gnu-tools-for-stm32.11.3.rel1.linux64_1.1.100.202309141235/tools/bin/../lib/gcc/arm-none-eabi/11.3.1/../../../../arm-none-eabi/lib/thumb/v7e-m+fp/hard/libc_nano.a(libc_a-exit.o)
                              /home/xenia/st/stm32cubeide_1.14.0/plugins/com.st.stm32cube.ide.mcu.externaltools.gnu-tools-for-stm32.11.3.rel1.linux64_1.1.100.202309141235/tools/bin/../lib/gcc/arm-none-eabi/11.3.1/../../../../arm-none-eabi/lib/thumb/v7e-m+fp/hard/crt0.o (exit)
/home/xenia/st/stm32cubeide_1.14.0/plugins/com.st.stm32cube.ide.mcu.externaltools.gnu-tools-for-stm32.11.3.rel1.linux64_1.1.100.202309141235/tools/bin/../lib/gcc/arm-none-eabi/11.3.1/../../../../arm-none-eabi/lib/thumb/v7e-m+fp/hard/libc_nano.a(libc_a-findfp.o)
                              /home/xenia/st/stm32cubeide_1.14.0/plugins/com.st.stm32cube.ide.mcu.externaltools.gnu-tools-for-stm32.11.3.rel1.linux64_1.1.100.202309141235/tools/bin/../lib/gcc/arm-none-eabi/11.3.1/../../../../arm-none-eabi/lib/thumb/v7e-m+fp/hard/libc_nano.a(libc_a-exit.o) (__stdio_exit_handler)
/home/xenia/st/stm32cubeide_1.14.0/plugins/com.st.stm32cube.ide.mcu.externaltools.gnu-tools-for-stm32.11.3.rel1.linux64_1.1.100.202309141235/tools/bin/../lib/gcc/arm-none-eabi/11.3.1/../../../../arm-none-eabi/lib/thumb/v7e-m+fp/hard/libc_nano.a(libc_a-fwalk.o)
                              /home/xenia/st/stm32cubeide_1.14.0/plugins/com.st.stm32cube.ide.mcu.externaltools.gnu-tools-for-stm32.11.3.rel1.linux64_1.1.100.202309141235/tools/bin/../lib/gcc/arm-none-eabi/11.3.1/../../../../arm-none-eabi/lib/thumb/v7e-m+fp/hard/libc_nano.a(libc_a-findfp.o) (_fwalk_sglue)
/home/xenia/st/stm32cubeide_1.14.0/plugins/com.st.stm32cube.ide.mcu.externaltools.gnu-tools-for-stm32.11.3.rel1.linux64_1.1.100.202309141235/tools/bin/../lib/gcc/arm-none-eabi/11.3.1/../../../../arm-none-eabi/lib/thumb/v7e-m+fp/hard/libc_nano.a(libc_a-stdio.o)
                              /home/xenia/st/stm32cubeide_1.14.0/plugins/com.st.stm32cube.ide.mcu.externaltools.gnu-tools-for-stm32.11.3.rel1.linux64_1.1.100.202309141235/tools/bin/../lib/gcc/arm-none-eabi/11.3.1/../../../../arm-none-eabi/lib/thumb/v7e-m+fp/hard/libc_nano.a(libc_a-findfp.o) (__sread)
/home/xenia/st/stm32cubeide_1.14.0/plugins/com.st.stm32cube.ide.mcu.externaltools.gnu-tools-for-stm32.11.3.rel1.linux64_1.1.100.202309141235/tools/bin/../lib/gcc/arm-none-eabi/11.3.1/../../../../arm-none-eabi/lib/thumb/v7e-m+fp/hard/libc_nano.a(libc_a-memset.o)
                              /home/xenia/st/stm32cubeide_1.14.0/plugins/com.st.stm32cube.ide.mcu.externaltools.gnu-tools-for-stm32.11.3.rel1.linux64_1.1.100.202309141235/tools/bin/../lib/gcc/arm-none-eabi/11.3.1/../../../../arm-none-eabi/lib/thumb/v7e-m+fp/hard/crt0.o (memset)
/home/xenia/st/stm32cubeide_1.14.0/plugins/com.st.stm32cube.ide.mcu.externaltools.gnu-tools-for-stm32.11.3.rel1.linux64_1.1.100.202309141235/tools/bin/../lib/gcc/arm-none-eabi/11.3.1/../../../../arm-none-eabi/lib/thumb/v7e-m+fp/hard/libc_nano.a(libc_a-closer.o)
                              /home/xenia/st/stm32cubeide_1.14.0/plugins/com.st.stm32cube.ide.mcu.externaltools.gnu-tools-for-stm32.11.3.rel1.linux64_1.1.100.202309141235/tools/bin/../lib/gcc/arm-none-eabi/11.3.1/../../../../arm-none-eabi/lib/thumb/v7e-m+fp/hard/libc_nano.a(libc_a-stdio.o) (_close_r)
/home/xenia/st/stm32cubeide_1.14.0/plugins/com.st.stm32cube.ide.mcu.externaltools.gnu-tools-for-stm32.11.3.rel1.linux64_1.1.100.202309141235/tools/bin/../lib/gcc/arm-none-eabi/11.3.1/../../../../arm-none-eabi/lib/thumb/v7e-m+fp/hard/libc_nano.a(libc_a-reent.o)
                              /home/xenia/st/stm32cubeide_1.14.0/plugins/com.st.stm32cube.ide.mcu.externaltools.gnu-tools-for-stm32.11.3.rel1.linux64_1.1.100.202309141235/tools/bin/../lib/gcc/arm-none-eabi/11.3.1/../../../../arm-none-eabi/lib/thumb/v7e-m+fp/hard/libc_nano.a(libc_a-closer.o) (errno)
/home/xenia/st/stm32cubeide_1.14.0/plugins/com.st.stm32cube.ide.mcu.externaltools.gnu-tools-for-stm32.11.3.rel1.linux64_1.1.100.202309141235/tools/bin/../lib/gcc/arm-none-eabi/11.3.1/../../../../arm-none-eabi/lib/thumb/v7e-m+fp/hard/libc_nano.a(libc_a-impure.o)
                              /home/xenia/st/stm32cubeide_1.14.0/plugins/com.st.stm32cube.ide.mcu.externaltools.gnu-tools-for-stm32.11.3.rel1.linux64_1.1.100.202309141235/tools/bin/../lib/gcc/arm-none-eabi/11.3.1/../../../../arm-none-eabi/lib/thumb/v7e-m+fp/hard/libc_nano.a(libc_a-reent.o) (_impure_ptr)
/home/xenia/st/stm32cubeide_1.14.0/plugins/com.st.stm32cube.ide.mcu.externaltools.gnu-tools-for-stm32.11.3.rel1.linux64_1.1.100.202309141235/tools/bin/../lib/gcc/arm-none-eabi/11.3.1/../../../../arm-none-eabi/lib/thumb/v7e-m+fp/hard/libc_nano.a(libc_a-lseekr.o)
[...]
Memory Configuration

Name             Origin             Length             Attributes
RAM              0x0000000020000000 0x0000000000020000 xrw
FLASH            0x0000000008000000 0x0000000000080000 xr
*default*        0x0000000000000000 0xffffffffffffffff

Linker script and memory map

LOAD /home/xenia/st/stm32cubeide_1.14.0/plugins/com.st.stm32cube.ide.mcu.externaltools.gnu-tools-for-stm32.11.3.rel1.linux64_1.1.100.202309141235/tools/bin/../lib/gcc/arm-none-eabi/11.3.1/thumb/v7e-m+fp/hard/crti.o
LOAD /home/xenia/st/stm32cubeide_1.14.0/plugins/com.st.stm32cube.ide.mcu.externaltools.gnu-tools-for-stm32.11.3.rel1.linux64_1.1.100.202309141235/tools/bin/../lib/gcc/arm-none-eabi/11.3.1/thumb/v7e-m+fp/hard/crtbegin.o
LOAD /home/xenia/st/stm32cubeide_1.14.0/plugins/com.st.stm32cube.ide.mcu.externaltools.gnu-tools-for-stm32.11.3.rel1.linux64_1.1.100.202309141235/tools/bin/../lib/gcc/arm-none-eabi/11.3.1/../../../../arm-none-eabi/lib/thumb/v7e-m+fp/hard/crt0.o
LOAD ./Core/Src/main.o
LOAD ./Core/Src/motor_control.o
LOAD ./Core/Src/odom.o
LOAD ./Core/Src/stm32f4xx_hal_msp.o
LOAD ./Core/Src/stm32f4xx_it.o
LOAD ./Core/Src/syscalls.o
LOAD ./Core/Src/sysmem.o
LOAD ./Core/Src/system_stm32f4xx.o
LOAD ./Core/Src/task_scheduler.o
LOAD ./Core/Src/uart.o
LOAD ./Core/Startup/startup_stm32f411retx.o
LOAD ./Drivers/STM32F4xx_HAL_Driver/Src/stm32f4xx_hal.o
LOAD ./Drivers/STM32F4xx_HAL_Driver/Src/stm32f4xx_hal_cortex.o
LOAD ./Drivers/STM32F4xx_HAL_Driver/Src/stm32f4xx_hal_dma.o
LOAD ./Drivers/STM32F4xx_HAL_Driver/Src/stm32f4xx_hal_dma_ex.o
LOAD ./Drivers/STM32F4xx_HAL_Driver/Src/stm32f4xx_hal_exti.o
LOAD ./Drivers/STM32F4xx_HAL_Driver/Src/stm32f4xx_hal_flash.o
LOAD ./Drivers/STM32F4xx_HAL_Driver/Src/stm32f4xx_hal_flash_ex.o
LOAD ./Drivers/STM32F4xx_HAL_Driver/Src/stm32f4xx_hal_flash_ramfunc.o
LOAD ./Drivers/STM32F4xx_HAL_Driver/Src/stm32f4xx_hal_gpio.o
LOAD ./Drivers/STM32F4xx_HAL_Driver/Src/stm32f4xx_hal_pwr.o
LOAD ./Drivers/STM32F4xx_HAL_Driver/Src/stm32f4xx_hal_pwr_ex.o
LOAD ./Drivers/STM32F4xx_HAL_Driver/Src/stm32f4xx_hal_rcc.o
LOAD ./Drivers/STM32F4xx_HAL_Driver/Src/stm32f4xx_hal_rcc_ex.o
LOAD ./Drivers/STM32F4xx_HAL_Driver/Src/stm32f4xx_hal_tim.o
LOAD ./Drivers/STM32F4xx_HAL_Driver/Src/stm32f4xx_hal_tim_ex.o
START GROUP
LOAD /home/xenia/st/stm32cubeide_1.14.0/plugins/com.st.stm32cube.ide.mcu.externaltools.gnu-tools-for-stm32.11.3.rel1.linux64_1.1.100.202309141235/tools/bin/../lib/gcc/arm-none-eabi/11.3.1/../../../../arm-none-eabi/lib/thumb/v7e-m+fp/hard/libc_nano.a
LOAD /home/xenia/st/stm32cubeide_1.14.0/plugins/com.st.stm32cube.ide.mcu.externaltools.gnu-tools-for-stm32.11.3.rel1.linux64_1.1.100.202309141235/tools/bin/../lib/gcc/arm-none-eabi/11.3.1/../../../../arm-none-eabi/lib/thumb/v7e-m+fp/hard/libm.a
END GROUP
START GROUP
LOAD /home/xenia/st/stm32cubeide_1.14.0/plugins/com.st.stm32cube.ide.mcu.externaltools.gnu-tools-for-stm32.11.3.rel1.linux64_1.1.100.202309141235/tools/bin/../lib/gcc/arm-none-eabi/11.3.1/thumb/v7e-m+fp/hard/libgcc.a
LOAD /home/xenia/st/stm32cubeide_1.14.0/plugins/com.st.stm32cube.ide.mcu.externaltools.gnu-tools-for-stm32.11.3.rel1.linux64_1.1.100.202309141235/tools/bin/../lib/gcc/arm-none-eabi/11.3.1/../../../../arm-none-eabi/lib/thumb/v7e-m+fp/hard/libc_nano.a
END GROUP
START GROUP
LOAD /home/xenia/st/stm32cubeide_1.14.0/plugins/com.st.stm32cube.ide.mcu.externaltools.gnu-tools-for-stm32.11.3.rel1.linux64_1.1.100.202309141235/tools/bin/../lib/gcc/arm-none-eabi/11.3.1/thumb/v7e-m+fp/hard/libgcc.a
LOAD /home/xenia/st/stm32cubeide_1.14.0/plugins/com.st.stm32cube.ide.mcu.externaltools.gnu-tools-for-stm32.11.3.rel1.linux64_1.1.100.202309141235/tools/bin/../lib/gcc/arm-none-eabi/11.3.1/../../../../arm-none-eabi/lib/thumb/v7e-m+fp/hard/libc_nano.a
LOAD /home/xenia/st/stm32cubeide_1.14.0/plugins/com.st.stm32cube.ide.mcu.externaltools.gnu-tools-for-stm32.11.3.rel1.linux64_1.1.100.202309141235/tools/bin/../lib/gcc/arm-none-eabi/11.3.1/../../../../arm-none-eabi/lib/thumb/v7e-m+fp/hard/libnosys.a
END GROUP
START GROUP
LOAD /home/xenia/st/stm32cubeide_1.14.0/plugins/com.st.stm32cube.ide.mcu.externaltools.gnu-tools-for-stm32.11.3.rel1.linux64_1.1.100.202309141235/tools/bin/../lib/gcc/arm-none-eabi/11.3.1/thumb/v7e-m+fp/hard/libgcc.a
LOAD /home/xenia/st/stm32cubeide_1.14.0/plugins/com.st.stm32cube.ide.mcu.externaltools.gnu-tools-for-stm32.11.3.rel1.linux64_1.1.100.202309141235/tools/bin/../lib/gcc/arm-none-eabi/11.3.1/../../../../arm-none-eabi/lib/thumb/v7e-m+fp/hard/libc_nano.a
LOAD /home/xenia/st/stm32cubeide_1.14.0/plugins/com.st.stm32cube.ide.mcu.externaltools.gnu-tools-for-stm32.11.3.rel1.linux64_1.1.100.202309141235/tools/bin/../lib/gcc/arm-none-eabi/11.3.1/../../../../arm-none-eabi/lib/thumb/v7e-m+fp/hard/libnosys.a
END GROUP
LOAD /home/xenia/st/stm32cubeide_1.14.0/plugins/com.st.stm32cube.ide.mcu.externaltools.gnu-tools-for-stm32.11.3.rel1.linux64_1.1.100.202309141235/tools/bin/../lib/gcc/arm-none-eabi/11.3.1/thumb/v7e-m+fp/hard/crtend.o
LOAD /home/xenia/st/stm32cubeide_1.14.0/plugins/com.st.stm32cube.ide.mcu.externaltools.gnu-tools-for-stm32.11.3.rel1.linux64_1.1.100.202309141235/tools/bin/../lib/gcc/arm-none-eabi/11.3.1/thumb/v7e-m+fp/hard/crtn.o
                0x0000000020020000                _estack = (ORIGIN (RAM) + LENGTH (RAM))
                0x0000000000000200                _Min_Heap_Size = 0x200
                0x0000000000000400                _Min_Stack_Size = 0x400

.isr_vector     0x0000000008000000      0x198
                0x0000000008000000                . = ALIGN (0x4)
 *(.isr_vector)
 .isr_vector    0x0000000008000000      0x198 ./Core/Startup/startup_stm32f411retx.o
                0x0000000008000000                g_pfnVectors
                0x0000000008000198                . = ALIGN (0x4)

.text           0x0000000008000198     0x47d0
                0x0000000008000198                . = ALIGN (0x4)
 *(.text)
 .text          0x0000000008000198       0x40 /home/xenia/st/stm32cubeide_1.14.0/plugins/com.st.stm32cube.ide.mcu.externaltools.gnu-tools-for-stm32.11.3.rel1.linux64_1.1.100.202309141235/tools/bin/../lib/gcc/arm-none-eabi/11.3.1/thumb/v7e-m+fp/hard/crtbegin.o
 .text          0x00000000080001d8      0x378 /home/xenia/st/stm32cubeide_1.14.0/plugins/com.st.stm32cube.ide.mcu.externaltools.gnu-tools-for-stm32.11.3.rel1.linux64_1.1.100.202309141235/tools/bin/../lib/gcc/arm-none-eabi/11.3.1/thumb/v7e-m+fp/hard/libgcc.a(_arm_addsubdf3.o)
                0x00000000080001d8                __aeabi_drsub
                0x00000000080001e0                __aeabi_dsub
                0x00000000080001e0                __subdf3
                0x00000000080001e4                __adddf3
                0x00000000080001e4                __aeabi_dadd
                0x000000000800045c                __aeabi_ui2d
                0x000000000800045c                __floatunsidf
                0x000000000800047c                __floatsidf
                0x000000000800047c                __aeabi_i2d
                0x00000000080004a0                __extendsfdf2
                0x00000000080004a0                __aeabi_f2d
                0x00000000080004e4                __aeabi_ul2d
                0x00000000080004e4                __floatundidf
                0x00000000080004f4                __floatdidf
                0x00000000080004f4                __aeabi_l2d
 .text          0x0000000008000550      0x424 /home/xenia/st/stm32cubeide_1.14.0/plugins/com.st.stm32cube.ide.mcu.externaltools.gnu-tools-for-stm32.11.3.rel1.linux64_1.1.100.202309141235/tools/bin/../lib/gcc/arm-none-eabi/11.3.1/thumb/v7e-m+fp/hard/libgcc.a(_arm_muldivdf3.o)
                0x0000000008000550                __aeabi_dmul
                0x0000000008000550                __muldf3
                0x00000000080007a4                __aeabi_ddiv
                0x00000000080007a4                __divdf3
 .text          0x0000000008000974      0x110 /home/xenia/st/stm32cubeide_1.14.0/plugins/com.st.stm32cube.ide.mcu.externaltools.gnu-tools-for-stm32.11.3.rel1.linux64_1.1.100.202309141235/tools/bin/../lib/gcc/arm-none-eabi/11.3.1/thumb/v7e-m+fp/hard/libgcc.a(_arm_cmpdf2.o)
                0x0000000008000974                __gtdf2
                0x0000000008000974                __gedf2
                0x000000000800097c                __ltdf2
                0x000000000800097c                __ledf2
                0x0000000008000984                __cmpdf2
                0x0000000008000984                __eqdf2
                0x0000000008000984                __nedf2
                0x0000000008000a00                __aeabi_cdrcmple
                0x0000000008000a10                __aeabi_cdcmple
                0x0000000008000a10                __aeabi_cdcmpeq
                0x0000000008000a20                __aeabi_dcmpeq
                0x0000000008000a34                __aeabi_dcmplt
                0x0000000008000a48                __aeabi_dcmple
                0x0000000008000a5c                __aeabi_dcmpge
                0x0000000008000a70                __aeabi_dcmpgt
 .text          0x0000000008000a84       0x50 /home/xenia/st/stm32cubeide_1.14.0/plugins/com.st.stm32cube.ide.mcu.externaltools.gnu-tools-for-stm32.11.3.rel1.linux64_1.1.100.202309141235/tools/bin/../lib/gcc/arm-none-eabi/11.3.1/thumb/v7e-m+fp/hard/libgcc.a(_arm_fixdfsi.o)
                0x0000000008000a84                __fixdfsi
                0x0000000008000a84                __aeabi_d2iz
 .text          0x0000000008000ad4       0xa0 /home/xenia/st/stm32cubeide_1.14.0/plugins/com.st.stm32cube.ide.mcu.externaltools.gnu-tools-for-stm32.11.3.rel1.linux64_1.1.100.202309141235/tools/bin/../lib/gcc/arm-none-eabi/11.3.1/thumb/v7e-m+fp/hard/libgcc.a(_arm_truncdfsf2.o)
                0x0000000008000ad4                __aeabi_d2f
                0x0000000008000ad4                __truncdfsf2
 .text          0x0000000008000b74       0x30 /home/xenia/st/stm32cubeide_1.14.0/plugins/com.st.stm32cube.ide.mcu.externaltools.gnu-tools-for-stm32.11.3.rel1.linux64_1.1.100.202309141235/tools/bin/../lib/gcc/arm-none-eabi/11.3.1/thumb/v7e-m+fp/hard/libgcc.a(_aeabi_uldivmod.o)
                0x0000000008000b74                __aeabi_uldivmod
 .text          0x0000000008000ba4      0x2c8 /home/xenia/st/stm32cubeide_1.14.0/plugins/com.st.stm32cube.ide.mcu.externaltools.gnu-tools-for-stm32.11.3.rel1.linux64_1.1.100.202309141235/tools/bin/../lib/gcc/arm-none-eabi/11.3.1/thumb/v7e-m+fp/hard/libgcc.a(_udivmoddi4.o)
                0x0000000008000ba4                __udivmoddi4
 .text          0x0000000008000e6c        0x4 /home/xenia/st/stm32cubeide_1.14.0/plugins/com.st.stm32cube.ide.mcu.externaltools.gnu-tools-for-stm32.11.3.rel1.linux64_1.1.100.202309141235/tools/bin/../lib/gcc/arm-none-eabi/11.3.1/thumb/v7e-m+fp/hard/libgcc.a(_dvmd_tls.o)
                0x0000000008000e6c                __aeabi_ldiv0
                0x0000000008000e6c                __aeabi_idiv0
 *(.text*)
 .text.main     0x0000000008000e70       0x40 ./Core/Src/main.o
                0x0000000008000e70                main
 .text.SystemClock_Config
                0x0000000008000eb0       0xd4 ./Core/Src/main.o
                0x0000000008000eb0                SystemClock_Config
 .text.MX_GPIO_Init
                0x0000000008000f84       0xb4 ./Core/Src/main.o
 .text.Error_Handler
                0x0000000008001038        0xa ./Core/Src/main.o
                0x0000000008001038                Error_Handler
 *fill*         0x0000000008001042        0x2 
 .text.__NVIC_SetPriorityGrouping
                0x0000000008001044       0x48 ./Core/Src/motor_control.o
 .text.__NVIC_EnableIRQ
                0x000000000800108c       0x3c ./Core/Src/motor_control.o
 .text.__NVIC_SetPriority
                0x00000000080010c8       0x54 ./Core/Src/motor_control.o
 .text.NVIC_EncodePriority
                0x000000000800111c       0x66 ./Core/Src/motor_control.o
 *fill*         0x0000000008001182        0x2 
 .text.Motors_Init
                0x0000000008001184      0x354 ./Core/Src/motor_control.o
                0x0000000008001184                Motors_Init
 .text.PID_Odom_Interrupt_Init
                0x00000000080014d8       0x74 ./Core/Src/motor_control.o
                0x00000000080014d8                PID_Odom_Interrupt_Init
 .text.TIM1_UP_TIM10_IRQHandler
                0x000000000800154c      0x12c ./Core/Src/motor_control.o
                0x000000000800154c                TIM1_UP_TIM10_IRQHandler
 .text.Set_Motor_Speed
                0x0000000008001678       0x30 ./Core/Src/motor_control.o
                0x0000000008001678                Set_Motor_Speed
 .text.Compute_PID
                0x00000000080016a8       0xfc ./Core/Src/motor_control.o
                0x00000000080016a8                Compute_PID
 .text.Set_Motor_Direction
                0x00000000080017a4       0x94 ./Core/Src/motor_control.o
                0x00000000080017a4                Set_Motor_Direction
 .text.Set_Motor_PWM
                0x0000000008001838       0x46 ./Core/Src/motor_control.o
                0x0000000008001838                Set_Motor_PWM
 .text.Set_Pin  0x000000000800187e       0x4e ./Core/Src/motor_control.o
                0x000000000800187e                Set_Pin
 *fill*         0x00000000080018cc        0x4 
 .text.Encoders_Init
                0x00000000080018d0      0x2d0 ./Core/Src/odom.o
                0x00000000080018d0                Encoders_Init
 .text.Read_Encoders
                0x0000000008001ba0      0x2f8 ./Core/Src/odom.o
                0x0000000008001ba0                Read_Encoders
 .text.Reset_Encoders
                0x0000000008001e98       0xc0 ./Core/Src/odom.o
                0x0000000008001e98                Reset_Encoders
 .text.Config   0x0000000008001f58       0x90 ./Core/Src/odom.o
                0x0000000008001f58                Config
 .text.HAL_MspInit
                0x0000000008001fe8       0x50 ./Core/Src/stm32f4xx_hal_msp.o
                0x0000000008001fe8                HAL_MspInit
 .text.NMI_Handler
                0x0000000008002038        0x6 ./Core/Src/stm32f4xx_it.o
                0x0000000008002038                NMI_Handler
 .text.HardFault_Handler
                0x000000000800203e        0x6 ./Core/Src/stm32f4xx_it.o
                0x000000000800203e                HardFault_Handler
 .text.MemManage_Handler
                0x0000000008002044        0x6 ./Core/Src/stm32f4xx_it.o
                0x0000000008002044                MemManage_Handler
 .text.BusFault_Handler
                0x000000000800204a        0x6 ./Core/Src/stm32f4xx_it.o
                0x000000000800204a                BusFault_Handler
 .text.UsageFault_Handler
                0x0000000008002050        0x6 ./Core/Src/stm32f4xx_it.o
                0x0000000008002050                UsageFault_Handler
 .text.SVC_Handler
                0x0000000008002056        0xe ./Core/Src/stm32f4xx_it.o
                0x0000000008002056                SVC_Handler
 .text.DebugMon_Handler
                0x0000000008002064        0xe ./Core/Src/stm32f4xx_it.o
                0x0000000008002064                DebugMon_Handler
 .text.PendSV_Handler
                0x0000000008002072        0xe ./Core/Src/stm32f4xx_it.o
                0x0000000008002072                PendSV_Handler
 .text.SysTick_Handler
                0x0000000008002080        0xc ./Core/Src/stm32f4xx_it.o
                0x0000000008002080                SysTick_Handler
 .text.SystemInit
                0x000000000800208c       0x24 ./Core/Src/system_stm32f4xx.o
                0x000000000800208c                SystemInit
 .text.__NVIC_SetPriorityGrouping
                0x00000000080020b0       0x48 ./Core/Src/uart.o
 .text.__NVIC_EnableIRQ
                0x00000000080020f8       0x3c ./Core/Src/uart.o
 .text.__NVIC_SetPriority
                0x0000000008002134       0x54 ./Core/Src/uart.o
 .text.NVIC_EncodePriority
                0x0000000008002188       0x66 ./Core/Src/uart.o
 .text.buffer_write
                0x00000000080021ee       0x4e ./Core/Src/uart.o
 .text.buffer_read
                0x000000000800223c       0x70 ./Core/Src/uart.o
 .text.buffer_check
                0x00000000080022ac       0x5a ./Core/Src/uart.o
 *fill*         0x0000000008002306        0x2 
 .text.USART2_Init
                0x0000000008002308       0xc8 ./Core/Src/uart.o
                0x0000000008002308                USART2_Init
 .text.USART2_IRQHandler
                0x00000000080023d0       0x80 ./Core/Src/uart.o
                0x00000000080023d0                USART2_IRQHandler
 .text.UART_Interrupt_Init
                0x0000000008002450       0x74 ./Core/Src/uart.o
                0x0000000008002450                UART_Interrupt_Init
 .text.TIM1_TRG_COM_TIM11_IRQHandler
                0x00000000080024c4      0x214 ./Core/Src/uart.o
                0x00000000080024c4                TIM1_TRG_COM_TIM11_IRQHandler
 .text.Read_Float
                0x00000000080026d8       0x5c ./Core/Src/uart.o
                0x00000000080026d8                Read_Float
 .text.Read_Buffer
                0x0000000008002734       0xe8 ./Core/Src/uart.o
                0x0000000008002734                Read_Buffer
 .text.Send_Command
                0x000000000800281c       0xdc ./Core/Src/uart.o
                0x000000000800281c                Send_Command
 .text.Reset_Handler
                0x00000000080028f8       0x50 ./Core/Startup/startup_stm32f411retx.o
                0x00000000080028f8                Reset_Handler
 .text.Default_Handler
                0x0000000008002948        0x2 ./Core/Startup/startup_stm32f411retx.o
                0x0000000008002948                RTC_Alarm_IRQHandler
                0x0000000008002948                EXTI2_IRQHandler
                0x0000000008002948                SPI4_IRQHandler
                0x0000000008002948                TIM1_CC_IRQHandler
                0x0000000008002948                DMA2_Stream5_IRQHandler
                0x0000000008002948                DMA1_Stream5_IRQHandler
                0x0000000008002948                PVD_IRQHandler
                0x0000000008002948                SDIO_IRQHandler
                0x0000000008002948                TAMP_STAMP_IRQHandler
                0x0000000008002948                EXTI3_IRQHandler
                0x0000000008002948                I2C3_ER_IRQHandler
                0x0000000008002948                EXTI0_IRQHandler
                0x0000000008002948                I2C2_EV_IRQHandler
                0x0000000008002948                DMA1_Stream2_IRQHandler
                0x0000000008002948                FPU_IRQHandler
                0x0000000008002948                DMA2_Stream2_IRQHandler
                0x0000000008002948                SPI1_IRQHandler
                0x0000000008002948                TIM1_BRK_TIM9_IRQHandler
                0x0000000008002948                DMA2_Stream3_IRQHandler
                0x0000000008002948                USART6_IRQHandler
                0x0000000008002948                DMA2_Stream0_IRQHandler
                0x0000000008002948                TIM4_IRQHandler
                0x0000000008002948                I2C1_EV_IRQHandler
                0x0000000008002948                DMA1_Stream6_IRQHandler
                0x0000000008002948                DMA1_Stream1_IRQHandler
                0x0000000008002948                TIM3_IRQHandler
                0x0000000008002948                RCC_IRQHandler
                0x0000000008002948                Default_Handler
                0x0000000008002948                EXTI15_10_IRQHandler
                0x0000000008002948                ADC_IRQHandler
                0x0000000008002948                DMA1_Stream7_IRQHandler
                0x0000000008002948                SPI5_IRQHandler
                0x0000000008002948                TIM5_IRQHandler
                0x0000000008002948                DMA2_Stream7_IRQHandler
                0x0000000008002948                I2C3_EV_IRQHandler
                0x0000000008002948                EXTI9_5_IRQHandler
                0x0000000008002948                RTC_WKUP_IRQHandler
                0x0000000008002948                SPI2_IRQHandler
                0x0000000008002948                DMA1_Stream0_IRQHandler
                0x0000000008002948                EXTI4_IRQHandler
                0x0000000008002948                WWDG_IRQHandler
                0x0000000008002948                TIM2_IRQHandler
                0x0000000008002948                OTG_FS_WKUP_IRQHandler
                0x0000000008002948                EXTI1_IRQHandler
                0x0000000008002948                I2C2_ER_IRQHandler
                0x0000000008002948                DMA2_Stream1_IRQHandler
                0x0000000008002948                FLASH_IRQHandler
                0x0000000008002948                DMA2_Stream4_IRQHandler
                0x0000000008002948                USART1_IRQHandler
                0x0000000008002948                OTG_FS_IRQHandler
                0x0000000008002948                SPI3_IRQHandler
                0x0000000008002948                DMA1_Stream4_IRQHandler
                0x0000000008002948                I2C1_ER_IRQHandler
                0x0000000008002948                DMA2_Stream6_IRQHandler
                0x0000000008002948                DMA1_Stream3_IRQHandler
 *fill*         0x000000000800294a        0x2 
 .text.HAL_Init
                0x000000000800294c       0x44 ./Drivers/STM32F4xx_HAL_Driver/Src/stm32f4xx_hal.o
                0x000000000800294c                HAL_Init
 .text.HAL_InitTick
                0x0000000008002990       0x60 ./Drivers/STM32F4xx_HAL_Driver/Src/stm32f4xx_hal.o
                0x0000000008002990                HAL_InitTick
 .text.HAL_IncTick
                0x00000000080029f0       0x28 ./Drivers/STM32F4xx_HAL_Driver/Src/stm32f4xx_hal.o
                0x00000000080029f0                HAL_IncTick
 .text.HAL_GetTick
                0x0000000008002a18       0x18 ./Drivers/STM32F4xx_HAL_Driver/Src/stm32f4xx_hal.o
                0x0000000008002a18                HAL_GetTick
 .text.__NVIC_SetPriorityGrouping
                0x0000000008002a30       0x48 ./Drivers/STM32F4xx_HAL_Driver/Src/stm32f4xx_hal_cortex.o
 .text.__NVIC_GetPriorityGrouping
                0x0000000008002a78       0x1c ./Drivers/STM32F4xx_HAL_Driver/Src/stm32f4xx_hal_cortex.o
 .text.__NVIC_SetPriority
                0x0000000008002a94       0x54 ./Drivers/STM32F4xx_HAL_Driver/Src/stm32f4xx_hal_cortex.o
 .text.NVIC_EncodePriority
                0x0000000008002ae8       0x66 ./Drivers/STM32F4xx_HAL_Driver/Src/stm32f4xx_hal_cortex.o
 *fill*         0x0000000008002b4e        0x2 
 .text.SysTick_Config
                0x0000000008002b50       0x44 ./Drivers/STM32F4xx_HAL_Driver/Src/stm32f4xx_hal_cortex.o
 .text.HAL_NVIC_SetPriorityGrouping
                0x0000000008002b94       0x16 ./Drivers/STM32F4xx_HAL_Driver/Src/stm32f4xx_hal_cortex.o
                0x0000000008002b94                HAL_NVIC_SetPriorityGrouping
 .text.HAL_NVIC_SetPriority
                0x0000000008002baa       0x38 ./Drivers/STM32F4xx_HAL_Driver/Src/stm32f4xx_hal_cortex.o
                0x0000000008002baa                HAL_NVIC_SetPriority
 .text.HAL_SYSTICK_Config
                0x0000000008002be2       0x18 ./Drivers/STM32F4xx_HAL_Driver/Src/stm32f4xx_hal_cortex.o
                0x0000000008002be2                HAL_SYSTICK_Config
 *fill*         0x0000000008002bfa        0x2 
 .text.HAL_GPIO_Init
                0x0000000008002bfc      0x308 ./Drivers/STM32F4xx_HAL_Driver/Src/stm32f4xx_hal_gpio.o
                0x0000000008002bfc                HAL_GPIO_Init
 .text.HAL_RCC_OscConfig
                0x0000000008002f04      0x4f0 ./Drivers/STM32F4xx_HAL_Driver/Src/stm32f4xx_hal_rcc.o
                0x0000000008002f04                HAL_RCC_OscConfig
 .text.HAL_RCC_ClockConfig
                0x00000000080033f4      0x1cc ./Drivers/STM32F4xx_HAL_Driver/Src/stm32f4xx_hal_rcc.o
                0x00000000080033f4                HAL_RCC_ClockConfig
 .text.HAL_RCC_GetSysClockFreq
                0x00000000080035c0      0x20c ./Drivers/STM32F4xx_HAL_Driver/Src/stm32f4xx_hal_rcc.o
                0x00000000080035c0                HAL_RCC_GetSysClockFreq
 .text.memset   0x00000000080037cc       0x10 /home/xenia/st/stm32cubeide_1.14.0/plugins/com.st.stm32cube.ide.mcu.externaltools.gnu-tools-for-stm32.11.3.rel1.linux64_1.1.100.202309141235/tools/bin/../lib/gcc/arm-none-eabi/11.3.1/../../../../arm-none-eabi/lib/thumb/v7e-m+fp/hard/libc_nano.a(libc_a-memset.o)
                0x00000000080037cc                memset
 .text.__libc_init_array
                0x00000000080037dc       0x48 /home/xenia/st/stm32cubeide_1.14.0/plugins/com.st.stm32cube.ide.mcu.externaltools.gnu-tools-for-stm32.11.3.rel1.linux64_1.1.100.202309141235/tools/bin/../lib/gcc/arm-none-eabi/11.3.1/../../../../arm-none-eabi/lib/thumb/v7e-m+fp/hard/libc_nano.a(libc_a-init.o)
                0x00000000080037dc                __libc_init_array
 *fill*         0x0000000008003824        0x4 
 .text.cos      0x0000000008003828       0xa8 /home/xenia/st/stm32cubeide_1.14.0/plugins/com.st.stm32cube.ide.mcu.externaltools.gnu-tools-for-stm32.11.3.rel1.linux64_1.1.100.202309141235/tools/bin/../lib/gcc/arm-none-eabi/11.3.1/../../../../arm-none-eabi/lib/thumb/v7e-m+fp/hard/libm.a(libm_a-s_cos.o)
                0x0000000008003828                cos
 .text.sin      0x00000000080038d0       0xb0 /home/xenia/st/stm32cubeide_1.14.0/plugins/com.st.stm32cube.ide.mcu.externaltools.gnu-tools-for-stm32.11.3.rel1.linux64_1.1.100.202309141235/tools/bin/../lib/gcc/arm-none-eabi/11.3.1/../../../../arm-none-eabi/lib/thumb/v7e-m+fp/hard/libm.a(libm_a-s_sin.o)
                0x00000000080038d0                sin
 .text.__kernel_cos
                0x0000000008003980      0x18c /home/xenia/st/stm32cubeide_1.14.0/plugins/com.st.stm32cube.ide.mcu.externaltools.gnu-tools-for-stm32.11.3.rel1.linux64_1.1.100.202309141235/tools/bin/../lib/gcc/arm-none-eabi/11.3.1/../../../../arm-none-eabi/lib/thumb/v7e-m+fp/hard/libm.a(libm_a-k_cos.o)
                0x0000000008003980                __kernel_cos
 *fill*         0x0000000008003b0c        0x4 
 .text.__kernel_sin
                0x0000000008003b10      0x17c /home/xenia/st/stm32cubeide_1.14.0/plugins/com.st.stm32cube.ide.mcu.externaltools.gnu-tools-for-stm32.11.3.rel1.linux64_1.1.100.202309141235/tools/bin/../lib/gcc/arm-none-eabi/11.3.1/../../../../arm-none-eabi/lib/thumb/v7e-m+fp/hard/libm.a(libm_a-k_sin.o)
                0x0000000008003b10                __kernel_sin
 *fill*         0x0000000008003c8c        0x4 
 .text.__ieee754_rem_pio2
                0x0000000008003c90      0x40c /home/xenia/st/stm32cubeide_1.14.0/plugins/com.st.stm32cube.ide.mcu.externaltools.gnu-tools-for-stm32.11.3.rel1.linux64_1.1.100.202309141235/tools/bin/../lib/gcc/arm-none-eabi/11.3.1/../../../../arm-none-eabi/lib/thumb/v7e-m+fp/hard/libm.a(libm_a-e_rem_pio2.o)
                0x0000000008003c90                __ieee754_rem_pio2
 .text.fabs     0x000000000800409c       0x12 /home/xenia/st/stm32cubeide_1.14.0/plugins/com.st.stm32cube.ide.mcu.externaltools.gnu-tools-for-stm32.11.3.rel1.linux64_1.1.100.202309141235/tools/bin/../lib/gcc/arm-none-eabi/11.3.1/../../../../arm-none-eabi/lib/thumb/v7e-m+fp/hard/libm.a(libm_a-s_fabs.o)
                0x000000000800409c                fabs
 *fill*         0x00000000080040ae        0x2 
 .text.__kernel_rem_pio2
                0x00000000080040b0      0x69c /home/xenia/st/stm32cubeide_1.14.0/plugins/com.st.stm32cube.ide.mcu.externaltools.gnu-tools-for-stm32.11.3.rel1.linux64_1.1.100.202309141235/tools/bin/../lib/gcc/arm-none-eabi/11.3.1/../../../../arm-none-eabi/lib/thumb/v7e-m+fp/hard/libm.a(libm_a-k_rem_pio2.o)
                0x00000000080040b0                __kernel_rem_pio2
 *fill*         0x000000000800474c        0x4 
 .text.scalbn   0x0000000008004750       0xfc /home/xenia/st/stm32cubeide_1.14.0/plugins/com.st.stm32cube.ide.mcu.externaltools.gnu-tools-for-stm32.11.3.rel1.linux64_1.1.100.202309141235/tools/bin/../lib/gcc/arm-none-eabi/11.3.1/../../../../arm-none-eabi/lib/thumb/v7e-m+fp/hard/libm.a(libm_a-s_scalbn.o)
                0x0000000008004750                scalbn
 *fill*         0x000000000800484c        0x4 
 .text.floor    0x0000000008004850      0x100 /home/xenia/st/stm32cubeide_1.14.0/plugins/com.st.stm32cube.ide.mcu.externaltools.gnu-tools-for-stm32.11.3.rel1.linux64_1.1.100.202309141235/tools/bin/../lib/gcc/arm-none-eabi/11.3.1/../../../../arm-none-eabi/lib/thumb/v7e-m+fp/hard/libm.a(libm_a-s_floor.o)
                0x0000000008004850                floor
 *(.glue_7)
 .glue_7        0x0000000008004950        0x0 linker stubs
 *(.glue_7t)
 .glue_7t       0x0000000008004950        0x0 linker stubs
 *(.eh_frame)
 .eh_frame      0x0000000008004950        0x0 /home/xenia/st/stm32cubeide_1.14.0/plugins/com.st.stm32cube.ide.mcu.externaltools.gnu-tools-for-stm32.11.3.rel1.linux64_1.1.100.202309141235/tools/bin/../lib/gcc/arm-none-eabi/11.3.1/thumb/v7e-m+fp/hard/crtbegin.o
 *(.init)
 .init          0x0000000008004950        0x4 /home/xenia/st/stm32cubeide_1.14.0/plugins/com.st.stm32cube.ide.mcu.externaltools.gnu-tools-for-stm32.11.3.rel1.linux64_1.1.100.202309141235/tools/bin/../lib/gcc/arm-none-eabi/11.3.1/thumb/v7e-m+fp/hard/crti.o
                0x0000000008004950                _init
 .init          0x0000000008004954        0x8 /home/xenia/st/stm32cubeide_1.14.0/plugins/com.st.stm32cube.ide.mcu.externaltools.gnu-tools-for-stm32.11.3.rel1.linux64_1.1.100.202309141235/tools/bin/../lib/gcc/arm-none-eabi/11.3.1/thumb/v7e-m+fp/hard/crtn.o
 *(.fini)
 .fini          0x000000000800495c        0x4 /home/xenia/st/stm32cubeide_1.14.0/plugins/com.st.stm32cube.ide.mcu.externaltools.gnu-tools-for-stm32.11.3.rel1.linux64_1.1.100.202309141235/tools/bin/../lib/gcc/arm-none-eabi/11.3.1/thumb/v7e-m+fp/hard/crti.o
                0x000000000800495c                _fini
 .fini          0x0000000008004960        0x8 /home/xenia/st/stm32cubeide_1.14.0/plugins/com.st.stm32cube.ide.mcu.externaltools.gnu-tools-for-stm32.11.3.rel1.linux64_1.1.100.202309141235/tools/bin/../lib/gcc/arm-none-eabi/11.3.1/thumb/v7e-m+fp/hard/crtn.o
                0x0000000008004968                . = ALIGN (0x4)
                0x0000000008004968                _etext = .

.vfp11_veneer   0x0000000008004968        0x0
 .vfp11_veneer  0x0000000008004968        0x0 linker stubs

.v4_bx          0x0000000008004968        0x0
 .v4_bx         0x0000000008004968        0x0 linker stubs

.iplt           0x0000000008004968        0x0
 .iplt          0x0000000008004968        0x0 /home/xenia/st/stm32cubeide_1.14.0/plugins/com.st.stm32cube.ide.mcu.externaltools.gnu-tools-for-stm32.11.3.rel1.linux64_1.1.100.202309141235/tools/bin/../lib/gcc/arm-none-eabi/11.3.1/thumb/v7e-m+fp/hard/crtbegin.o

.rodata         0x0000000008004968      0x1e8
                0x0000000008004968                . = ALIGN (0x4)
 *(.rodata)
 *(.rodata*)
 .rodata.AHBPrescTable
                0x0000000008004968       0x10 ./Core/Src/system_stm32f4xx.o
                0x0000000008004968                AHBPrescTable
 .rodata.npio2_hw
                0x0000000008004978       0x80 /home/xenia/st/stm32cubeide_1.14.0/plugins/com.st.stm32cube.ide.mcu.externaltools.gnu-tools-for-stm32.11.3.rel1.linux64_1.1.100.202309141235/tools/bin/../lib/gcc/arm-none-eabi/11.3.1/../../../../arm-none-eabi/lib/thumb/v7e-m+fp/hard/libm.a(libm_a-e_rem_pio2.o)
 .rodata.two_over_pi
                0x00000000080049f8      0x108 /home/xenia/st/stm32cubeide_1.14.0/plugins/com.st.stm32cube.ide.mcu.externaltools.gnu-tools-for-stm32.11.3.rel1.linux64_1.1.100.202309141235/tools/bin/../lib/gcc/arm-none-eabi/11.3.1/../../../../arm-none-eabi/lib/thumb/v7e-m+fp/hard/libm.a(libm_a-e_rem_pio2.o)
 .rodata.PIo2   0x0000000008004b00       0x40 /home/xenia/st/stm32cubeide_1.14.0/plugins/com.st.stm32cube.ide.mcu.externaltools.gnu-tools-for-stm32.11.3.rel1.linux64_1.1.100.202309141235/tools/bin/../lib/gcc/arm-none-eabi/11.3.1/../../../../arm-none-eabi/lib/thumb/v7e-m+fp/hard/libm.a(libm_a-k_rem_pio2.o)
 .rodata.init_jk
                0x0000000008004b40       0x10 /home/xenia/st/stm32cubeide_1.14.0/plugins/com.st.stm32cube.ide.mcu.externaltools.gnu-tools-for-stm32.11.3.rel1.linux64_1.1.100.202309141235/tools/bin/../lib/gcc/arm-none-eabi/11.3.1/../../../../arm-none-eabi/lib/thumb/v7e-m+fp/hard/libm.a(libm_a-k_rem_pio2.o)
                0x0000000008004b50                . = ALIGN (0x4)

.ARM.extab      0x0000000008004b50        0x0
                0x0000000008004b50                . = ALIGN (0x4)
 *(.ARM.extab* .gnu.linkonce.armextab.*)
                0x0000000008004b50                . = ALIGN (0x4)

.ARM            0x0000000008004b50        0x8
                0x0000000008004b50                . = ALIGN (0x4)
                0x0000000008004b50                __exidx_start = .
 *(.ARM.exidx*)
 .ARM.exidx     0x0000000008004b50        0x8 /home/xenia/st/stm32cubeide_1.14.0/plugins/com.st.stm32cube.ide.mcu.externaltools.gnu-tools-for-stm32.11.3.rel1.linux64_1.1.100.202309141235/tools/bin/../lib/gcc/arm-none-eabi/11.3.1/thumb/v7e-m+fp/hard/libgcc.a(_udivmoddi4.o)
                0x0000000008004b58                __exidx_end = .
                0x0000000008004b58                . = ALIGN (0x4)

.rel.dyn        0x0000000008004b58        0x0
 .rel.iplt      0x0000000008004b58        0x0 /home/xenia/st/stm32cubeide_1.14.0/plugins/com.st.stm32cube.ide.mcu.externaltools.gnu-tools-for-stm32.11.3.rel1.linux64_1.1.100.202309141235/tools/bin/../lib/gcc/arm-none-eabi/11.3.1/thumb/v7e-m+fp/hard/crtbegin.o

.preinit_array  0x0000000008004b58        0x0
                0x0000000008004b58                . = ALIGN (0x4)
                0x0000000008004b58                PROVIDE (__preinit_array_start = .)
 *(.preinit_array*)
                0x0000000008004b58                PROVIDE (__preinit_array_end = .)
                0x0000000008004b58                . = ALIGN (0x4)

.init_array     0x0000000008004b58        0x4
                0x0000000008004b58                . = ALIGN (0x4)
                0x0000000008004b58                PROVIDE (__init_array_start = .)
 *(SORT_BY_NAME(.init_array.*))
 *(.init_array*)
 .init_array    0x0000000008004b58        0x4 /home/xenia/st/stm32cubeide_1.14.0/plugins/com.st.stm32cube.ide.mcu.externaltools.gnu-tools-for-stm32.11.3.rel1.linux64_1.1.100.202309141235/tools/bin/../lib/gcc/arm-none-eabi/11.3.1/thumb/v7e-m+fp/hard/crtbegin.o
                0x0000000008004b5c                PROVIDE (__init_array_end = .)
                0x0000000008004b5c                . = ALIGN (0x4)

.fini_array     0x0000000008004b5c        0x4
                0x0000000008004b5c                . = ALIGN (0x4)
                [!provide]                        PROVIDE (__fini_array_start = .)
 *(SORT_BY_NAME(.fini_array.*))
 *(.fini_array*)
 .fini_array    0x0000000008004b5c        0x4 /home/xenia/st/stm32cubeide_1.14.0/plugins/com.st.stm32cube.ide.mcu.externaltools.gnu-tools-for-stm32.11.3.rel1.linux64_1.1.100.202309141235/tools/bin/../lib/gcc/arm-none-eabi/11.3.1/thumb/v7e-m+fp/hard/crtbegin.o
                [!provide]                        PROVIDE (__fini_array_end = .)
                0x0000000008004b60                . = ALIGN (0x4)
                0x0000000008004b60                _sidata = LOADADDR (.data)

.data           0x0000000020000000      0x118 load address 0x0000000008004b60
                0x0000000020000000                . = ALIGN (0x4)
                0x0000000020000000                _sdata = .
 *(.data)
 *(.data*)
 .data.init_odom
                0x0000000020000000       0x1c ./Core/Src/main.o
                0x0000000020000000                init_odom
 .data.BI2      0x000000002000001c        0x8 ./Core/Src/motor_control.o
                0x000000002000001c                BI2
 .data.BI1      0x0000000020000024        0x8 ./Core/Src/motor_control.o
                0x0000000020000024                BI1
 .data.AI2      0x000000002000002c        0x8 ./Core/Src/motor_control.o
                0x000000002000002c                AI2
 .data.AI1      0x0000000020000034        0x8 ./Core/Src/motor_control.o
                0x0000000020000034                AI1
 .data.PWMA     0x000000002000003c        0x8 ./Core/Src/motor_control.o
                0x000000002000003c                PWMA
 .data.PWMB     0x0000000020000044        0x8 ./Core/Src/motor_control.o
                0x0000000020000044                PWMB
 .data.left_motor
                0x000000002000004c       0x28 ./Core/Src/motor_control.o
                0x000000002000004c                left_motor
 .data.right_motor
                0x0000000020000074       0x28 ./Core/Src/motor_control.o
                0x0000000020000074                right_motor
 .data.LEFTA    0x000000002000009c        0x8 ./Core/Src/odom.o
                0x000000002000009c                LEFTA
 .data.LEFTB    0x00000000200000a4        0x8 ./Core/Src/odom.o
                0x00000000200000a4                LEFTB
 .data.RIGHTA   0x00000000200000ac        0x8 ./Core/Src/odom.o
                0x00000000200000ac                RIGHTA
 .data.RIGHTB   0x00000000200000b4        0x8 ./Core/Src/odom.o
                0x00000000200000b4                RIGHTB
 .data.LEFT     0x00000000200000bc        0x4 ./Core/Src/odom.o
                0x00000000200000bc                LEFT
 .data.RIGHT    0x00000000200000c0        0x4 ./Core/Src/odom.o
                0x00000000200000c0                RIGHT
 .data.odom     0x00000000200000c4       0x1c ./Core/Src/odom.o
                0x00000000200000c4                odom
 .data.wheel_diameter
                0x00000000200000e0        0x4 ./Core/Src/odom.o
                0x00000000200000e0                wheel_diameter
 .data.wheel_distance
                0x00000000200000e4        0x4 ./Core/Src/odom.o
                0x00000000200000e4                wheel_distance
 .data.inc_mm   0x00000000200000e8        0x4 ./Core/Src/odom.o
                0x00000000200000e8                inc_mm
 .data.inc_rad  0x00000000200000ec        0x4 ./Core/Src/odom.o
                0x00000000200000ec                inc_rad
 .data.SystemCoreClock
                0x00000000200000f0        0x4 ./Core/Src/system_stm32f4xx.o
                0x00000000200000f0                SystemCoreClock
 .data.in_buf   0x00000000200000f4        0xc ./Core/Src/uart.o
                0x00000000200000f4                in_buf
 .data.out_buf  0x0000000020000100        0xc ./Core/Src/uart.o
                0x0000000020000100                out_buf
 .data.ack      0x000000002000010c        0x4 ./Core/Src/uart.o
                0x000000002000010c                ack
 .data.uwTickPrio
                0x0000000020000110        0x4 ./Drivers/STM32F4xx_HAL_Driver/Src/stm32f4xx_hal.o
                0x0000000020000110                uwTickPrio
 .data.uwTickFreq
                0x0000000020000114        0x1 ./Drivers/STM32F4xx_HAL_Driver/Src/stm32f4xx_hal.o
                0x0000000020000114                uwTickFreq
 *(.RamFunc)
 *(.RamFunc*)
                0x0000000020000118                . = ALIGN (0x4)
 *fill*         0x0000000020000115        0x3 
                0x0000000020000118                _edata = .

.igot.plt       0x0000000020000118        0x0 load address 0x0000000008004c78
 .igot.plt      0x0000000020000118        0x0 /home/xenia/st/stm32cubeide_1.14.0/plugins/com.st.stm32cube.ide.mcu.externaltools.gnu-tools-for-stm32.11.3.rel1.linux64_1.1.100.202309141235/tools/bin/../lib/gcc/arm-none-eabi/11.3.1/thumb/v7e-m+fp/hard/crtbegin.o
                0x0000000020000118                . = ALIGN (0x4)

.bss            0x0000000020000118      0x1b0 load address 0x0000000008004c78
                0x0000000020000118                _sbss = .
                0x0000000020000118                __bss_start__ = _sbss
 *(.bss)
 .bss           0x0000000020000118       0x1c /home/xenia/st/stm32cubeide_1.14.0/plugins/com.st.stm32cube.ide.mcu.externaltools.gnu-tools-for-stm32.11.3.rel1.linux64_1.1.100.202309141235/tools/bin/../lib/gcc/arm-none-eabi/11.3.1/thumb/v7e-m+fp/hard/crtbegin.o
 *(.bss*)
 .bss.q0        0x0000000020000134        0x4 ./Core/Src/motor_control.o
                0x0000000020000134                q0
 .bss.q1        0x0000000020000138        0x4 ./Core/Src/motor_control.o
                0x0000000020000138                q1
 .bss.q2        0x000000002000013c        0x4 ./Core/Src/motor_control.o
                0x000000002000013c                q2
 .bss.interrupt_counter
                0x0000000020000140        0x4 ./Core/Src/motor_control.o
                0x0000000020000140                interrupt_counter
 .bss.send_odom
                0x0000000020000144       0x1c ./Core/Src/motor_control.o
                0x0000000020000144                send_odom
 .bss.last_left_enc
                0x0000000020000160        0x4 ./Core/Src/odom.o
                0x0000000020000160                last_left_enc
 .bss.last_right_enc
                0x0000000020000164        0x4 ./Core/Src/odom.o
                0x0000000020000164                last_right_enc
 .bss.curr_left_enc
                0x0000000020000168        0x4 ./Core/Src/odom.o
                0x0000000020000168                curr_left_enc
 .bss.curr_right_enc
                0x000000002000016c        0x4 ./Core/Src/odom.o
                0x000000002000016c                curr_right_enc
 .bss.delta_left
                0x0000000020000170        0x4 ./Core/Src/odom.o
                0x0000000020000170                delta_left
 .bss.delta_right
                0x0000000020000174        0x4 ./Core/Src/odom.o
                0x0000000020000174                delta_right
 .bss.delta_distance
                0x0000000020000178        0x4 ./Core/Src/odom.o
                0x0000000020000178                delta_distance
 .bss.delta_theta
                0x000000002000017c        0x4 ./Core/Src/odom.o
                0x000000002000017c                delta_theta
 .bss.uart_interrupt_counter
                0x0000000020000180        0x4 ./Core/Src/uart.o
                0x0000000020000180                uart_interrupt_counter
 .bss.in_buffer
                0x0000000020000184       0x80 ./Core/Src/uart.o
                0x0000000020000184                in_buffer
 .bss.out_buffer
                0x0000000020000204       0x80 ./Core/Src/uart.o
                0x0000000020000204                out_buffer
 .bss.first     0x0000000020000284        0x1 ./Core/Src/uart.o
                0x0000000020000284                first
 .bss.len       0x0000000020000285        0x1 ./Core/Src/uart.o
                0x0000000020000285                len
 .bss.last      0x0000000020000286        0x1 ./Core/Src/uart.o
                0x0000000020000286                last
 .bss.code      0x0000000020000287        0x1 ./Core/Src/uart.o
                0x0000000020000287                code
 .bss.size      0x0000000020000288        0x1 ./Core/Src/uart.o
                0x0000000020000288                size
 .bss.send_data
                0x0000000020000289        0x1 ./Core/Src/uart.o
                0x0000000020000289                send_data
 *fill*         0x000000002000028a        0x2 
 .bss.recv      0x000000002000028c       0x14 ./Core/Src/uart.o
                0x000000002000028c                recv
 .bss.bad_msg_counter
                0x00000000200002a0        0x1 ./Core/Src/uart.o
                0x00000000200002a0                bad_msg_counter
 .bss.c         0x00000000200002a1        0x1 ./Core/Src/uart.o
                0x00000000200002a1                c
 .bss.null      0x00000000200002a2        0x1 ./Core/Src/uart.o
                0x00000000200002a2                null
 *fill*         0x00000000200002a3        0x1 
 .bss.convert_float
                0x00000000200002a4        0x4 ./Core/Src/uart.o
                0x00000000200002a4                convert_float
 .bss.send_odom_enc
                0x00000000200002a8       0x1c ./Core/Src/uart.o
                0x00000000200002a8                send_odom_enc
 .bss.uwTick    0x00000000200002c4        0x4 ./Drivers/STM32F4xx_HAL_Driver/Src/stm32f4xx_hal.o
                0x00000000200002c4                uwTick
 *(COMMON)
                0x00000000200002c8                . = ALIGN (0x4)
                0x00000000200002c8                _ebss = .
                0x00000000200002c8                __bss_end__ = _ebss

._user_heap_stack
                0x00000000200002c8      0x600 load address 0x0000000008004c78
                0x00000000200002c8                . = ALIGN (0x8)
                [!provide]                        PROVIDE (end = .)
                0x00000000200002c8                PROVIDE (_end = .)
                0x00000000200004c8                . = (. + _Min_Heap_Size)
 *fill*         0x00000000200002c8      0x200 
                0x00000000200008c8                . = (. + _Min_Stack_Size)
 *fill*         0x00000000200004c8      0x400 
                0x00000000200008c8                . = ALIGN (0x8)

/DISCARD/
 libc.a(*)
 libm.a(*)
 libgcc.a(*)

.ARM.attributes
                0x0000000000000000       0x30
 *(.ARM.attributes)
 .ARM.attributes
                0x0000000000000000       0x1e /home/xenia/st/stm32cubeide_1.14.0/plugins/com.st.stm32cube.ide.mcu.externaltools.gnu-tools-for-stm32.11.3.rel1.linux64_1.1.100.202309141235/tools/bin/../lib/gcc/arm-none-eabi/11.3.1/thumb/v7e-m+fp/hard/crti.o
 .ARM.attributes
                0x000000000000001e       0x34 /home/xenia/st/stm32cubeide_1.14.0/plugins/com.st.stm32cube.ide.mcu.externaltools.gnu-tools-for-stm32.11.3.rel1.linux64_1.1.100.202309141235/tools/bin/../lib/gcc/arm-none-eabi/11.3.1/thumb/v7e-m+fp/hard/crtbegin.o
 .ARM.attributes
                0x0000000000000052       0x34 ./Core/Src/main.o
 .ARM.attributes
                0x0000000000000086       0x34 ./Core/Src/motor_control.o
 .ARM.attributes
                0x00000000000000ba       0x34 ./Core/Src/odom.o
 .ARM.attributes
                0x00000000000000ee       0x34 ./Core/Src/stm32f4xx_hal_msp.o
 .ARM.attributes
                0x0000000000000122       0x34 ./Core/Src/stm32f4xx_it.o
 .ARM.attributes
                0x0000000000000156       0x34 ./Core/Src/system_stm32f4xx.o
 .ARM.attributes
                0x000000000000018a       0x34 ./Core/Src/uart.o
 .ARM.attributes
                0x00000000000001be       0x21 ./Core/Startup/startup_stm32f411retx.o
 .ARM.attributes
                0x00000000000001df       0x34 ./Drivers/STM32F4xx_HAL_Driver/Src/stm32f4xx_hal.o
 .ARM.attributes
                0x0000000000000213       0x34 ./Drivers/STM32F4xx_HAL_Driver/Src/stm32f4xx_hal_cortex.o
 .ARM.attributes
                0x0000000000000247       0x34 ./Drivers/STM32F4xx_HAL_Driver/Src/stm32f4xx_hal_gpio.o
 .ARM.attributes
                0x000000000000027b       0x34 ./Drivers/STM32F4xx_HAL_Driver/Src/stm32f4xx_hal_rcc.o
 .ARM.attributes
                0x00000000000002af       0x34 /home/xenia/st/stm32cubeide_1.14.0/plugins/com.st.stm32cube.ide.mcu.externaltools.gnu-tools-for-stm32.11.3.rel1.linux64_1.1.100.202309141235/tools/bin/../lib/gcc/arm-none-eabi/11.3.1/../../../../arm-none-eabi/lib/thumb/v7e-m+fp/hard/libc_nano.a(libc_a-memset.o)
 .ARM.attributes
                0x00000000000002e3       0x34 /home/xenia/st/stm32cubeide_1.14.0/plugins/com.st.stm32cube.ide.mcu.externaltools.gnu-tools-for-stm32.11.3.rel1.linux64_1.1.100.202309141235/tools/bin/../lib/gcc/arm-none-eabi/11.3.1/../../../../arm-none-eabi/lib/thumb/v7e-m+fp/hard/libc_nano.a(libc_a-init.o)
 .ARM.attributes
                0x0000000000000317       0x34 /home/xenia/st/stm32cubeide_1.14.0/plugins/com.st.stm32cube.ide.mcu.externaltools.gnu-tools-for-stm32.11.3.rel1.linux64_1.1.100.202309141235/tools/bin/../lib/gcc/arm-none-eabi/11.3.1/../../../../arm-none-eabi/lib/thumb/v7e-m+fp/hard/libm.a(libm_a-s_cos.o)
 .ARM.attributes
                0x000000000000034b       0x34 /home/xenia/st/stm32cubeide_1.14.0/plugins/com.st.stm32cube.ide.mcu.externaltools.gnu-tools-for-stm32.11.3.rel1.linux64_1.1.100.202309141235/tools/bin/../lib/gcc/arm-none-eabi/11.3.1/../../../../arm-none-eabi/lib/thumb/v7e-m+fp/hard/libm.a(libm_a-s_sin.o)
 .ARM.attributes
                0x000000000000037f       0x34 /home/xenia/st/stm32cubeide_1.14.0/plugins/com.st.stm32cube.ide.mcu.externaltools.gnu-tools-for-stm32.11.3.rel1.linux64_1.1.100.202309141235/tools/bin/../lib/gcc/arm-none-eabi/11.3.1/../../../../arm-none-eabi/lib/thumb/v7e-m+fp/hard/libm.a(libm_a-k_cos.o)
 .ARM.attributes
                0x00000000000003b3       0x34 /home/xenia/st/stm32cubeide_1.14.0/plugins/com.st.stm32cube.ide.mcu.externaltools.gnu-tools-for-stm32.11.3.rel1.linux64_1.1.100.202309141235/tools/bin/../lib/gcc/arm-none-eabi/11.3.1/../../../../arm-none-eabi/lib/thumb/v7e-m+fp/hard/libm.a(libm_a-k_sin.o)
 .ARM.attributes
                0x00000000000003e7       0x34 /home/xenia/st/stm32cubeide_1.14.0/plugins/com.st.stm32cube.ide.mcu.externaltools.gnu-tools-for-stm32.11.3.rel1.linux64_1.1.100.202309141235/tools/bin/../lib/gcc/arm-none-eabi/11.3.1/../../../../arm-none-eabi/lib/thumb/v7e-m+fp/hard/libm.a(libm_a-e_rem_pio2.o)
 .ARM.attributes
                0x000000000000041b       0x34 /home/xenia/st/stm32cubeide_1.14.0/plugins/com.st.stm32cube.ide.mcu.externaltools.gnu-tools-for-stm32.11.3.rel1.linux64_1.1.100.202309141235/tools/bin/../lib/gcc/arm-none-eabi/11.3.1/../../../../arm-none-eabi/lib/thumb/v7e-m+fp/hard/libm.a(libm_a-s_fabs.o)
 .ARM.attributes
                0x000000000000044f       0x34 /home/xenia/st/stm32cubeide_1.14.0/plugins/com.st.stm32cube.ide.mcu.externaltools.gnu-tools-for-stm32.11.3.rel1.linux64_1.1.100.202309141235/tools/bin/../lib/gcc/arm-none-eabi/11.3.1/../../../../arm-none-eabi/lib/thumb/v7e-m+fp/hard/libm.a(libm_a-k_rem_pio2.o)
 .ARM.attributes
                0x0000000000000483       0x34 /home/xenia/st/stm32cubeide_1.14.0/plugins/com.st.stm32cube.ide.mcu.externaltools.gnu-tools-for-stm32.11.3.rel1.linux64_1.1.100.202309141235/tools/bin/../lib/gcc/arm-none-eabi/11.3.1/../../../../arm-none-eabi/lib/thumb/v7e-m+fp/hard/libm.a(libm_a-s_scalbn.o)
 .ARM.attributes
                0x00000000000004b7       0x34 /home/xenia/st/stm32cubeide_1.14.0/plugins/com.st.stm32cube.ide.mcu.externaltools.gnu-tools-for-stm32.11.3.rel1.linux64_1.1.100.202309141235/tools/bin/../lib/gcc/arm-none-eabi/11.3.1/../../../../arm-none-eabi/lib/thumb/v7e-m+fp/hard/libm.a(libm_a-s_floor.o)
 .ARM.attributes
                0x00000000000004eb       0x1e /home/xenia/st/stm32cubeide_1.14.0/plugins/com.st.stm32cube.ide.mcu.externaltools.gnu-tools-for-stm32.11.3.rel1.linux64_1.1.100.202309141235/tools/bin/../lib/gcc/arm-none-eabi/11.3.1/thumb/v7e-m+fp/hard/libgcc.a(_arm_addsubdf3.o)
 .ARM.attributes
                0x0000000000000509       0x1e /home/xenia/st/stm32cubeide_1.14.0/plugins/com.st.stm32cube.ide.mcu.externaltools.gnu-tools-for-stm32.11.3.rel1.linux64_1.1.100.202309141235/tools/bin/../lib/gcc/arm-none-eabi/11.3.1/thumb/v7e-m+fp/hard/libgcc.a(_arm_muldivdf3.o)
 .ARM.attributes
                0x0000000000000527       0x1e /home/xenia/st/stm32cubeide_1.14.0/plugins/com.st.stm32cube.ide.mcu.externaltools.gnu-tools-for-stm32.11.3.rel1.linux64_1.1.100.202309141235/tools/bin/../lib/gcc/arm-none-eabi/11.3.1/thumb/v7e-m+fp/hard/libgcc.a(_arm_cmpdf2.o)
 .ARM.attributes
                0x0000000000000545       0x1e /home/xenia/st/stm32cubeide_1.14.0/plugins/com.st.stm32cube.ide.mcu.externaltools.gnu-tools-for-stm32.11.3.rel1.linux64_1.1.100.202309141235/tools/bin/../lib/gcc/arm-none-eabi/11.3.1/thumb/v7e-m+fp/hard/libgcc.a(_arm_fixdfsi.o)
 .ARM.attributes
                0x0000000000000563       0x1e /home/xenia/st/stm32cubeide_1.14.0/plugins/com.st.stm32cube.ide.mcu.externaltools.gnu-tools-for-stm32.11.3.rel1.linux64_1.1.100.202309141235/tools/bin/../lib/gcc/arm-none-eabi/11.3.1/thumb/v7e-m+fp/hard/libgcc.a(_arm_truncdfsf2.o)
 .ARM.attributes
                0x0000000000000581       0x1e /home/xenia/st/stm32cubeide_1.14.0/plugins/com.st.stm32cube.ide.mcu.externaltools.gnu-tools-for-stm32.11.3.rel1.linux64_1.1.100.202309141235/tools/bin/../lib/gcc/arm-none-eabi/11.3.1/thumb/v7e-m+fp/hard/libgcc.a(_aeabi_uldivmod.o)
 .ARM.attributes
                0x000000000000059f       0x34 /home/xenia/st/stm32cubeide_1.14.0/plugins/com.st.stm32cube.ide.mcu.externaltools.gnu-tools-for-stm32.11.3.rel1.linux64_1.1.100.202309141235/tools/bin/../lib/gcc/arm-none-eabi/11.3.1/thumb/v7e-m+fp/hard/libgcc.a(_udivmoddi4.o)
 .ARM.attributes
                0x00000000000005d3       0x1e /home/xenia/st/stm32cubeide_1.14.0/plugins/com.st.stm32cube.ide.mcu.externaltools.gnu-tools-for-stm32.11.3.rel1.linux64_1.1.100.202309141235/tools/bin/../lib/gcc/arm-none-eabi/11.3.1/thumb/v7e-m+fp/hard/libgcc.a(_dvmd_tls.o)
 .ARM.attributes
                0x00000000000005f1       0x1e /home/xenia/st/stm32cubeide_1.14.0/plugins/com.st.stm32cube.ide.mcu.externaltools.gnu-tools-for-stm32.11.3.rel1.linux64_1.1.100.202309141235/tools/bin/../lib/gcc/arm-none-eabi/11.3.1/thumb/v7e-m+fp/hard/crtn.o
OUTPUT(Robotic.elf elf32-littlearm)
LOAD linker stubs
LOAD /home/xenia/st/stm32cubeide_1.14.0/plugins/com.st.stm32cube.ide.mcu.externaltools.gnu-tools-for-stm32.11.3.rel1.linux64_1.1.100.202309141235/tools/bin/../lib/gcc/arm-none-eabi/11.3.1/../../../../arm-none-eabi/lib/thumb/v7e-m+fp/hard/libc.a
LOAD /home/xenia/st/stm32cubeide_1.14.0/plugins/com.st.stm32cube.ide.mcu.externaltools.gnu-tools-for-stm32.11.3.rel1.linux64_1.1.100.202309141235/tools/bin/../lib/gcc/arm-none-eabi/11.3.1/../../../../arm-none-eabi/lib/thumb/v7e-m+fp/hard/libm.a
LOAD /home/xenia/st/stm32cubeide_1.14.0/plugins/com.st.stm32cube.ide.mcu.externaltools.gnu-tools-for-stm32.11.3.rel1.linux64_1.1.100.202309141235/tools/bin/../lib/gcc/arm-none-eabi/11.3.1/thumb/v7e-m+fp/hard/libgcc.a

.comment        0x0000000000000000       0x43
 .comment       0x0000000000000000       0x43 /home/xenia/st/stm32cubeide_1.14.0/plugins/com.st.stm32cube.ide.mcu.externaltools.gnu-tools-for-stm32.11.3.rel1.linux64_1.1.100.202309141235/tools/bin/../lib/gcc/arm-none-eabi/11.3.1/thumb/v7e-m+fp/hard/crtbegin.o
                                         0x44 (size before relaxing)
 .comment       0x0000000000000043       0x44 ./Core/Src/main.o
 .comment       0x0000000000000043       0x44 ./Core/Src/motor_control.o
 .comment       0x0000000000000043       0x44 ./Core/Src/odom.o
 .comment       0x0000000000000043       0x44 ./Core/Src/stm32f4xx_hal_msp.o
 .comment       0x0000000000000043       0x44 ./Core/Src/stm32f4xx_it.o
 .comment       0x0000000000000043       0x44 ./Core/Src/system_stm32f4xx.o
 .comment       0x0000000000000043       0x44 ./Core/Src/uart.o
 .comment       0x0000000000000043       0x44 ./Drivers/STM32F4xx_HAL_Driver/Src/stm32f4xx_hal.o
 .comment       0x0000000000000043       0x44 ./Drivers/STM32F4xx_HAL_Driver/Src/stm32f4xx_hal_cortex.o
 .comment       0x0000000000000043       0x44 ./Drivers/STM32F4xx_HAL_Driver/Src/stm32f4xx_hal_gpio.o
 .comment       0x0000000000000043       0x44 ./Drivers/STM32F4xx_HAL_Driver/Src/stm32f4xx_hal_rcc.o

.debug_info     0x0000000000000000     0x5b45
 .debug_info    0x0000000000000000      0x78f ./Core/Src/main.o
 .debug_info    0x000000000000078f      0xde0 ./Core/Src/motor_control.o
 .debug_info    0x000000000000156f      0x701 ./Core/Src/odom.o
 .debug_info    0x0000000000001c70      0x2b9 ./Core/Src/stm32f4xx_hal_msp.o
 .debug_info    0x0000000000001f29      0x127 ./Core/Src/stm32f4xx_it.o
 .debug_info    0x0000000000002050      0x53e ./Core/Src/system_stm32f4xx.o
 .debug_info    0x000000000000258e     0x101e ./Core/Src/uart.o
 .debug_info    0x00000000000035ac       0x23 ./Core/Startup/startup_stm32f411retx.o
 .debug_info    0x00000000000035cf      0x8c4 ./Drivers/STM32F4xx_HAL_Driver/Src/stm32f4xx_hal.o
 .debug_info    0x0000000000003e93      0xcc7 ./Drivers/STM32F4xx_HAL_Driver/Src/stm32f4xx_hal_cortex.o
 .debug_info    0x0000000000004b5a      0x6f9 ./Drivers/STM32F4xx_HAL_Driver/Src/stm32f4xx_hal_gpio.o
 .debug_info    0x0000000000005253      0x8f2 ./Drivers/STM32F4xx_HAL_Driver/Src/stm32f4xx_hal_rcc.o

.debug_abbrev   0x0000000000000000     0x16dd
 .debug_abbrev  0x0000000000000000      0x22f ./Core/Src/main.o
 .debug_abbrev  0x000000000000022f      0x2bd ./Core/Src/motor_control.o
 .debug_abbrev  0x00000000000004ec      0x1ad ./Core/Src/odom.o
 .debug_abbrev  0x0000000000000699       0xf4 ./Core/Src/stm32f4xx_hal_msp.o
 .debug_abbrev  0x000000000000078d       0x73 ./Core/Src/stm32f4xx_it.o
 .debug_abbrev  0x0000000000000800      0x11a ./Core/Src/system_stm32f4xx.o
 .debug_abbrev  0x000000000000091a      0x3b6 ./Core/Src/uart.o
 .debug_abbrev  0x0000000000000cd0       0x12 ./Core/Startup/startup_stm32f411retx.o
 .debug_abbrev  0x0000000000000ce2      0x24b ./Drivers/STM32F4xx_HAL_Driver/Src/stm32f4xx_hal.o
 .debug_abbrev  0x0000000000000f2d      0x328 ./Drivers/STM32F4xx_HAL_Driver/Src/stm32f4xx_hal_cortex.o
 .debug_abbrev  0x0000000000001255      0x1d3 ./Drivers/STM32F4xx_HAL_Driver/Src/stm32f4xx_hal_gpio.o
 .debug_abbrev  0x0000000000001428      0x2b5 ./Drivers/STM32F4xx_HAL_Driver/Src/stm32f4xx_hal_rcc.o

.debug_aranges  0x0000000000000000      0x540
 .debug_aranges
                0x0000000000000000       0x38 ./Core/Src/main.o
 .debug_aranges
                0x0000000000000038       0x78 ./Core/Src/motor_control.o
 .debug_aranges
                0x00000000000000b0       0x38 ./Core/Src/odom.o
 .debug_aranges
                0x00000000000000e8       0x20 ./Core/Src/stm32f4xx_hal_msp.o
 .debug_aranges
                0x0000000000000108       0x60 ./Core/Src/stm32f4xx_it.o
 .debug_aranges
                0x0000000000000168       0x28 ./Core/Src/system_stm32f4xx.o
 .debug_aranges
                0x0000000000000190       0x98 ./Core/Src/uart.o
 .debug_aranges
                0x0000000000000228       0x28 ./Core/Startup/startup_stm32f411retx.o
 .debug_aranges
                0x0000000000000250       0xf0 ./Drivers/STM32F4xx_HAL_Driver/Src/stm32f4xx_hal.o
 .debug_aranges
                0x0000000000000340      0x120 ./Drivers/STM32F4xx_HAL_Driver/Src/stm32f4xx_hal_cortex.o
 .debug_aranges
                0x0000000000000460       0x58 ./Drivers/STM32F4xx_HAL_Driver/Src/stm32f4xx_hal_gpio.o
 .debug_aranges
                0x00000000000004b8       0x88 ./Drivers/STM32F4xx_HAL_Driver/Src/stm32f4xx_hal_rcc.o

.debug_rnglists
                0x0000000000000000      0x3cc
 .debug_rnglists
                0x0000000000000000       0x27 ./Core/Src/main.o
 .debug_rnglists
                0x0000000000000027       0x59 ./Core/Src/motor_control.o
 .debug_rnglists
                0x0000000000000080       0x29 ./Core/Src/odom.o
 .debug_rnglists
                0x00000000000000a9       0x13 ./Core/Src/stm32f4xx_hal_msp.o
 .debug_rnglists
                0x00000000000000bc       0x43 ./Core/Src/stm32f4xx_it.o
 .debug_rnglists
                0x00000000000000ff       0x1a ./Core/Src/system_stm32f4xx.o
 .debug_rnglists
                0x0000000000000119       0x72 ./Core/Src/uart.o
 .debug_rnglists
                0x000000000000018b       0x19 ./Core/Startup/startup_stm32f411retx.o
 .debug_rnglists
                0x00000000000001a4       0xaf ./Drivers/STM32F4xx_HAL_Driver/Src/stm32f4xx_hal.o
 .debug_rnglists
                0x0000000000000253       0xd4 ./Drivers/STM32F4xx_HAL_Driver/Src/stm32f4xx_hal_cortex.o
 .debug_rnglists
                0x0000000000000327       0x3f ./Drivers/STM32F4xx_HAL_Driver/Src/stm32f4xx_hal_gpio.o
 .debug_rnglists
                0x0000000000000366       0x66 ./Drivers/STM32F4xx_HAL_Driver/Src/stm32f4xx_hal_rcc.o

.debug_macro    0x0000000000000000    0x15ac6
 .debug_macro   0x0000000000000000      0x313 ./Core/Src/main.o
 .debug_macro   0x0000000000000313      0xaa8 ./Core/Src/main.o
 .debug_macro   0x0000000000000dbb      0x28f ./Core/Src/main.o
 .debug_macro   0x000000000000104a       0x2e ./Core/Src/main.o
 .debug_macro   0x0000000000001078       0x28 ./Core/Src/main.o
 .debug_macro   0x00000000000010a0       0x22 ./Core/Src/main.o
 .debug_macro   0x00000000000010c2       0x8e ./Core/Src/main.o
 .debug_macro   0x0000000000001150       0x51 ./Core/Src/main.o
 .debug_macro   0x00000000000011a1      0x103 ./Core/Src/main.o
 .debug_macro   0x00000000000012a4       0x6a ./Core/Src/main.o
 .debug_macro   0x000000000000130e      0x1df ./Core/Src/main.o
 .debug_macro   0x00000000000014ed       0x1c ./Core/Src/main.o
 .debug_macro   0x0000000000001509       0x22 ./Core/Src/main.o
 .debug_macro   0x000000000000152b       0xfb ./Core/Src/main.o
 .debug_macro   0x0000000000001626     0x1011 ./Core/Src/main.o
 .debug_macro   0x0000000000002637      0x11f ./Core/Src/main.o
 .debug_macro   0x0000000000002756     0xb953 ./Core/Src/main.o
 .debug_macro   0x000000000000e0a9       0x6d ./Core/Src/main.o
 .debug_macro   0x000000000000e116     0x368c ./Core/Src/main.o
 .debug_macro   0x00000000000117a2      0x174 ./Core/Src/main.o
 .debug_macro   0x0000000000011916       0x5c ./Core/Src/main.o
 .debug_macro   0x0000000000011972      0x45c ./Core/Src/main.o
 .debug_macro   0x0000000000011dce      0x9e9 ./Core/Src/main.o
 .debug_macro   0x00000000000127b7      0x115 ./Core/Src/main.o
 .debug_macro   0x00000000000128cc      0x11b ./Core/Src/main.o
 .debug_macro   0x00000000000129e7       0xa5 ./Core/Src/main.o
 .debug_macro   0x0000000000012a8c      0x15f ./Core/Src/main.o
 .debug_macro   0x0000000000012beb      0x287 ./Core/Src/main.o
 .debug_macro   0x0000000000012e72       0x5f ./Core/Src/main.o
 .debug_macro   0x0000000000012ed1      0x236 ./Core/Src/main.o
 .debug_macro   0x0000000000013107      0x132 ./Core/Src/main.o
 .debug_macro   0x0000000000013239      0x264 ./Core/Src/main.o
 .debug_macro   0x000000000001349d       0x2e ./Core/Src/main.o
 .debug_macro   0x00000000000134cb      0x127 ./Core/Src/main.o
 .debug_macro   0x00000000000135f2       0x85 ./Core/Src/main.o
 .debug_macro   0x0000000000013677       0x89 ./Core/Src/main.o
 .debug_macro   0x0000000000013700      0x126 ./Core/Src/main.o
 .debug_macro   0x0000000000013826       0x61 ./Core/Src/main.o
 .debug_macro   0x0000000000013887       0x2a ./Core/Src/main.o
 .debug_macro   0x00000000000138b1       0x43 ./Core/Src/main.o
 .debug_macro   0x00000000000138f4       0x34 ./Core/Src/main.o
 .debug_macro   0x0000000000013928       0x16 ./Core/Src/main.o
 .debug_macro   0x000000000001393e       0x43 ./Core/Src/main.o
 .debug_macro   0x0000000000013981       0x34 ./Core/Src/main.o
 .debug_macro   0x00000000000139b5       0x10 ./Core/Src/main.o
 .debug_macro   0x00000000000139c5       0x58 ./Core/Src/main.o
 .debug_macro   0x0000000000013a1d       0x8e ./Core/Src/main.o
 .debug_macro   0x0000000000013aab       0x1c ./Core/Src/main.o
 .debug_macro   0x0000000000013ac7      0x177 ./Core/Src/main.o
 .debug_macro   0x0000000000013c3e      0x369 ./Core/Src/main.o
 .debug_macro   0x0000000000013fa7      0x19b ./Core/Src/main.o
 .debug_macro   0x0000000000014142       0x10 ./Core/Src/main.o
 .debug_macro   0x0000000000014152       0x16 ./Core/Src/main.o
 .debug_macro   0x0000000000014168       0x35 ./Core/Src/main.o
 .debug_macro   0x000000000001419d       0x20 ./Core/Src/main.o
 .debug_macro   0x00000000000141bd       0x5e ./Core/Src/main.o
 .debug_macro   0x000000000001421b       0x16 ./Core/Src/main.o
 .debug_macro   0x0000000000014231       0x16 ./Core/Src/main.o
 .debug_macro   0x0000000000014247       0x29 ./Core/Src/main.o
 .debug_macro   0x0000000000014270       0x10 ./Core/Src/main.o
 .debug_macro   0x0000000000014280       0x34 ./Core/Src/main.o
 .debug_macro   0x00000000000142b4      0x304 ./Core/Src/motor_control.o
 .debug_macro   0x00000000000145b8      0x274 ./Core/Src/odom.o
 .debug_macro   0x000000000001482c      0x313 ./Core/Src/stm32f4xx_hal_msp.o
 .debug_macro   0x0000000000014b3f      0x31d ./Core/Src/stm32f4xx_it.o
 .debug_macro   0x0000000000014e5c      0x1b0 ./Core/Src/system_stm32f4xx.o
 .debug_macro   0x000000000001500c      0x30a ./Core/Src/uart.o
 .debug_macro   0x0000000000015316       0x10 ./Core/Src/uart.o
 .debug_macro   0x0000000000015326       0x56 ./Core/Src/uart.o
 .debug_macro   0x000000000001537c      0x210 ./Drivers/STM32F4xx_HAL_Driver/Src/stm32f4xx_hal.o
 .debug_macro   0x000000000001558c      0x1b0 ./Drivers/STM32F4xx_HAL_Driver/Src/stm32f4xx_hal_cortex.o
 .debug_macro   0x000000000001573c      0x1b6 ./Drivers/STM32F4xx_HAL_Driver/Src/stm32f4xx_hal_gpio.o
 .debug_macro   0x00000000000158f2      0x1d4 ./Drivers/STM32F4xx_HAL_Driver/Src/stm32f4xx_hal_rcc.o

.debug_line     0x0000000000000000     0x72ac
 .debug_line    0x0000000000000000      0x8e2 ./Core/Src/main.o
 .debug_line    0x00000000000008e2      0xd2b ./Core/Src/motor_control.o
 .debug_line    0x000000000000160d      0xa5e ./Core/Src/odom.o
 .debug_line    0x000000000000206b      0x83e ./Core/Src/stm32f4xx_hal_msp.o
 .debug_line    0x00000000000028a9      0x8ff ./Core/Src/stm32f4xx_it.o
 .debug_line    0x00000000000031a8      0x6e8 ./Core/Src/system_stm32f4xx.o
 .debug_line    0x0000000000003890      0xced ./Core/Src/uart.o
 .debug_line    0x000000000000457d       0x7a ./Core/Startup/startup_stm32f411retx.o
 .debug_line    0x00000000000045f7      0x94e ./Drivers/STM32F4xx_HAL_Driver/Src/stm32f4xx_hal.o
 .debug_line    0x0000000000004f45      0xc1a ./Drivers/STM32F4xx_HAL_Driver/Src/stm32f4xx_hal_cortex.o
 .debug_line    0x0000000000005b5f      0xa86 ./Drivers/STM32F4xx_HAL_Driver/Src/stm32f4xx_hal_gpio.o
 .debug_line    0x00000000000065e5      0xcc7 ./Drivers/STM32F4xx_HAL_Driver/Src/stm32f4xx_hal_rcc.o

.debug_str      0x0000000000000000    0x83371
 .debug_str     0x0000000000000000    0x81cf6 ./Core/Src/main.o
                                      0x81fb2 (size before relaxing)
 .debug_str     0x0000000000081cf6      0x5a8 ./Core/Src/motor_control.o
                                      0x82306 (size before relaxing)
 .debug_str     0x000000000008229e       0xed ./Core/Src/odom.o
                                      0x81b59 (size before relaxing)
 .debug_str     0x000000000008238b       0x49 ./Core/Src/stm32f4xx_hal_msp.o
                                      0x81cd2 (size before relaxing)
 .debug_str     0x00000000000823d4       0xc9 ./Core/Src/stm32f4xx_it.o
                                      0x81c29 (size before relaxing)
 .debug_str     0x000000000008249d       0x87 ./Core/Src/system_stm32f4xx.o
                                      0x7e103 (size before relaxing)
 .debug_str     0x0000000000082524      0x194 ./Core/Src/uart.o
                                      0x823cb (size before relaxing)
 .debug_str     0x00000000000826b8       0x34 ./Core/Startup/startup_stm32f411retx.o
                                         0x6c (size before relaxing)
 .debug_str     0x00000000000826ec      0x60f ./Drivers/STM32F4xx_HAL_Driver/Src/stm32f4xx_hal.o
                                      0x7eb2f (size before relaxing)
 .debug_str     0x0000000000082cfb      0x2d6 ./Drivers/STM32F4xx_HAL_Driver/Src/stm32f4xx_hal_cortex.o
                                      0x7e867 (size before relaxing)
 .debug_str     0x0000000000082fd1      0x16d ./Drivers/STM32F4xx_HAL_Driver/Src/stm32f4xx_hal_gpio.o
                                      0x7e27e (size before relaxing)
 .debug_str     0x000000000008313e      0x233 ./Drivers/STM32F4xx_HAL_Driver/Src/stm32f4xx_hal_rcc.o
                                      0x7e537 (size before relaxing)

.debug_frame    0x0000000000000000     0x1758
 .debug_frame   0x0000000000000000       0x8c ./Core/Src/main.o
 .debug_frame   0x000000000000008c      0x1e0 ./Core/Src/motor_control.o
 .debug_frame   0x000000000000026c       0x9c ./Core/Src/odom.o
 .debug_frame   0x0000000000000308       0x34 ./Core/Src/stm32f4xx_hal_msp.o
 .debug_frame   0x000000000000033c      0x104 ./Core/Src/stm32f4xx_it.o
 .debug_frame   0x0000000000000440       0x58 ./Core/Src/system_stm32f4xx.o
 .debug_frame   0x0000000000000498      0x278 ./Core/Src/uart.o
 .debug_frame   0x0000000000000710      0x374 ./Drivers/STM32F4xx_HAL_Driver/Src/stm32f4xx_hal.o
 .debug_frame   0x0000000000000a84      0x4b8 ./Drivers/STM32F4xx_HAL_Driver/Src/stm32f4xx_hal_cortex.o
 .debug_frame   0x0000000000000f3c      0x14c ./Drivers/STM32F4xx_HAL_Driver/Src/stm32f4xx_hal_gpio.o
 .debug_frame   0x0000000000001088      0x1f4 ./Drivers/STM32F4xx_HAL_Driver/Src/stm32f4xx_hal_rcc.o
 .debug_frame   0x000000000000127c       0x20 /home/xenia/st/stm32cubeide_1.14.0/plugins/com.st.stm32cube.ide.mcu.externaltools.gnu-tools-for-stm32.11.3.rel1.linux64_1.1.100.202309141235/tools/bin/../lib/gcc/arm-none-eabi/11.3.1/../../../../arm-none-eabi/lib/thumb/v7e-m+fp/hard/libc_nano.a(libc_a-memset.o)
 .debug_frame   0x000000000000129c       0x2c /home/xenia/st/stm32cubeide_1.14.0/plugins/com.st.stm32cube.ide.mcu.externaltools.gnu-tools-for-stm32.11.3.rel1.linux64_1.1.100.202309141235/tools/bin/../lib/gcc/arm-none-eabi/11.3.1/../../../../arm-none-eabi/lib/thumb/v7e-m+fp/hard/libc_nano.a(libc_a-init.o)
 .debug_frame   0x00000000000012c8       0x38 /home/xenia/st/stm32cubeide_1.14.0/plugins/com.st.stm32cube.ide.mcu.externaltools.gnu-tools-for-stm32.11.3.rel1.linux64_1.1.100.202309141235/tools/bin/../lib/gcc/arm-none-eabi/11.3.1/../../../../arm-none-eabi/lib/thumb/v7e-m+fp/hard/libm.a(libm_a-s_cos.o)
 .debug_frame   0x0000000000001300       0x38 /home/xenia/st/stm32cubeide_1.14.0/plugins/com.st.stm32cube.ide.mcu.externaltools.gnu-tools-for-stm32.11.3.rel1.linux64_1.1.100.202309141235/tools/bin/../lib/gcc/arm-none-eabi/11.3.1/../../../../arm-none-eabi/lib/thumb/v7e-m+fp/hard/libm.a(libm_a-s_sin.o)
 .debug_frame   0x0000000000001338       0x3c /home/xenia/st/stm32cubeide_1.14.0/plugins/com.st.stm32cube.ide.mcu.externaltools.gnu-tools-for-stm32.11.3.rel1.linux64_1.1.100.202309141235/tools/bin/../lib/gcc/arm-none-eabi/11.3.1/../../../../arm-none-eabi/lib/thumb/v7e-m+fp/hard/libm.a(libm_a-k_cos.o)
 .debug_frame   0x0000000000001374       0x5c /home/xenia/st/stm32cubeide_1.14.0/plugins/com.st.stm32cube.ide.mcu.externaltools.gnu-tools-for-stm32.11.3.rel1.linux64_1.1.100.202309141235/tools/bin/../lib/gcc/arm-none-eabi/11.3.1/../../../../arm-none-eabi/lib/thumb/v7e-m+fp/hard/libm.a(libm_a-k_sin.o)
 .debug_frame   0x00000000000013d0       0x50 /home/xenia/st/stm32cubeide_1.14.0/plugins/com.st.stm32cube.ide.mcu.externaltools.gnu-tools-for-stm32.11.3.rel1.linux64_1.1.100.202309141235/tools/bin/../lib/gcc/arm-none-eabi/11.3.1/../../../../arm-none-eabi/lib/thumb/v7e-m+fp/hard/libm.a(libm_a-e_rem_pio2.o)
 .debug_frame   0x0000000000001420       0x20 /home/xenia/st/stm32cubeide_1.14.0/plugins/com.st.stm32cube.ide.mcu.externaltools.gnu-tools-for-stm32.11.3.rel1.linux64_1.1.100.202309141235/tools/bin/../lib/gcc/arm-none-eabi/11.3.1/../../../../arm-none-eabi/lib/thumb/v7e-m+fp/hard/libm.a(libm_a-s_fabs.o)
 .debug_frame   0x0000000000001440       0x54 /home/xenia/st/stm32cubeide_1.14.0/plugins/com.st.stm32cube.ide.mcu.externaltools.gnu-tools-for-stm32.11.3.rel1.linux64_1.1.100.202309141235/tools/bin/../lib/gcc/arm-none-eabi/11.3.1/../../../../arm-none-eabi/lib/thumb/v7e-m+fp/hard/libm.a(libm_a-k_rem_pio2.o)
 .debug_frame   0x0000000000001494       0x2c /home/xenia/st/stm32cubeide_1.14.0/plugins/com.st.stm32cube.ide.mcu.externaltools.gnu-tools-for-stm32.11.3.rel1.linux64_1.1.100.202309141235/tools/bin/../lib/gcc/arm-none-eabi/11.3.1/../../../../arm-none-eabi/lib/thumb/v7e-m+fp/hard/libm.a(libm_a-s_scalbn.o)
 .debug_frame   0x00000000000014c0       0x30 /home/xenia/st/stm32cubeide_1.14.0/plugins/com.st.stm32cube.ide.mcu.externaltools.gnu-tools-for-stm32.11.3.rel1.linux64_1.1.100.202309141235/tools/bin/../lib/gcc/arm-none-eabi/11.3.1/../../../../arm-none-eabi/lib/thumb/v7e-m+fp/hard/libm.a(libm_a-s_floor.o)
 .debug_frame   0x00000000000014f0       0xac /home/xenia/st/stm32cubeide_1.14.0/plugins/com.st.stm32cube.ide.mcu.externaltools.gnu-tools-for-stm32.11.3.rel1.linux64_1.1.100.202309141235/tools/bin/../lib/gcc/arm-none-eabi/11.3.1/thumb/v7e-m+fp/hard/libgcc.a(_arm_addsubdf3.o)
 .debug_frame   0x000000000000159c       0x50 /home/xenia/st/stm32cubeide_1.14.0/plugins/com.st.stm32cube.ide.mcu.externaltools.gnu-tools-for-stm32.11.3.rel1.linux64_1.1.100.202309141235/tools/bin/../lib/gcc/arm-none-eabi/11.3.1/thumb/v7e-m+fp/hard/libgcc.a(_arm_muldivdf3.o)
 .debug_frame   0x00000000000015ec       0xc4 /home/xenia/st/stm32cubeide_1.14.0/plugins/com.st.stm32cube.ide.mcu.externaltools.gnu-tools-for-stm32.11.3.rel1.linux64_1.1.100.202309141235/tools/bin/../lib/gcc/arm-none-eabi/11.3.1/thumb/v7e-m+fp/hard/libgcc.a(_arm_cmpdf2.o)
 .debug_frame   0x00000000000016b0       0x24 /home/xenia/st/stm32cubeide_1.14.0/plugins/com.st.stm32cube.ide.mcu.externaltools.gnu-tools-for-stm32.11.3.rel1.linux64_1.1.100.202309141235/tools/bin/../lib/gcc/arm-none-eabi/11.3.1/thumb/v7e-m+fp/hard/libgcc.a(_arm_fixdfsi.o)
 .debug_frame   0x00000000000016d4       0x24 /home/xenia/st/stm32cubeide_1.14.0/plugins/com.st.stm32cube.ide.mcu.externaltools.gnu-tools-for-stm32.11.3.rel1.linux64_1.1.100.202309141235/tools/bin/../lib/gcc/arm-none-eabi/11.3.1/thumb/v7e-m+fp/hard/libgcc.a(_arm_truncdfsf2.o)
 .debug_frame   0x00000000000016f8       0x2c /home/xenia/st/stm32cubeide_1.14.0/plugins/com.st.stm32cube.ide.mcu.externaltools.gnu-tools-for-stm32.11.3.rel1.linux64_1.1.100.202309141235/tools/bin/../lib/gcc/arm-none-eabi/11.3.1/thumb/v7e-m+fp/hard/libgcc.a(_aeabi_uldivmod.o)
 .debug_frame   0x0000000000001724       0x34 /home/xenia/st/stm32cubeide_1.14.0/plugins/com.st.stm32cube.ide.mcu.externaltools.gnu-tools-for-stm32.11.3.rel1.linux64_1.1.100.202309141235/tools/bin/../lib/gcc/arm-none-eabi/11.3.1/thumb/v7e-m+fp/hard/libgcc.a(_udivmoddi4.o)

.debug_line_str
                0x0000000000000000       0x60
 .debug_line_str
                0x0000000000000000       0x60 ./Core/Startup/startup_stm32f411retx.o
                                         0x78 (size before relaxing)
