Archive member included to satisfy reference by file (symbol)

/home/xenia/st/stm32cubeide_1.14.0/plugins/com.st.stm32cube.ide.mcu.externaltools.gnu-tools-for-stm32.11.3.rel1.linux64_1.1.100.202309141235/tools/bin/../lib/gcc/arm-none-eabi/11.3.1/../../../../arm-none-eabi/lib/thumb/v7e-m+fp/hard/libc_nano.a(libc_a-exit.o)
                              /home/xenia/st/stm32cubeide_1.14.0/plugins/com.st.stm32cube.ide.mcu.externaltools.gnu-tools-for-stm32.11.3.rel1.linux64_1.1.100.202309141235/tools/bin/../lib/gcc/arm-none-eabi/11.3.1/../../../../arm-none-eabi/lib/thumb/v7e-m+fp/hard/crt0.o (exit)
/home/xenia/st/stm32cubeide_1.14.0/plugins/com.st.stm32cube.ide.mcu.externaltools.gnu-tools-for-stm32.11.3.rel1.linux64_1.1.100.202309141235/tools/bin/../lib/gcc/arm-none-eabi/11.3.1/../../../../arm-none-eabi/lib/thumb/v7e-m+fp/hard/libc_nano.a(libc_a-findfp.o)
                              /home/xenia/st/stm32cubeide_1.14.0/plugins/com.st.stm32cube.ide.mcu.externaltools.gnu-tools-for-stm32.11.3.rel1.linux64_1.1.100.202309141235/tools/bin/../lib/gcc/arm-none-eabi/11.3.1/../../../../arm-none-eabi/lib/thumb/v7e-m+fp/hard/libc_nano.a(libc_a-exit.o) (__stdio_exit_handler)
/home/xenia/st/stm32cubeide_1.14.0/plugins/com.st.stm32cube.ide.mcu.externaltools.gnu-tools-for-stm32.11.3.rel1.linux64_1.1.100.202309141235/tools/bin/../lib/gcc/arm-none-eabi/11.3.1/../../../../arm-none-eabi/lib/thumb/v7e-m+fp/hard/libc_nano.a(libc_a-fwalk.o)
                              /home/xenia/st/stm32cubeide_1.14.0/plugins/com.st.stm32cube.ide.mcu.externaltools.gnu-tools-for-stm32.11.3.rel1.linux64_1.1.100.202309141235/tools/bin/../lib/gcc/arm-none-eabi/11.3.1/../../../../arm-none-eabi/lib/thumb/v7e-m+fp/hard/libc_nano.a(libc_a-findfp.o) (_fwalk_sglue)
/home/xenia/st/stm32cubeide_1.14.0/plugins/com.st.stm32cube.ide.mcu.externaltools.gnu-tools-for-stm32.11.3.rel1.linux64_1.1.100.202309141235/tools/bin/../lib/gcc/arm-none-eabi/11.3.1/../../../../arm-none-eabi/lib/thumb/v7e-m+fp/hard/libc_nano.a(libc_a-stdio.o)
                              /home/xenia/st/stm32cubeide_1.14.0/plugins/com.st.stm32cube.ide.mcu.externaltools.gnu-tools-for-stm32.11.3.rel1.linux64_1.1.100.202309141235/tools/bin/../lib/gcc/arm-none-eabi/11.3.1/../../../../arm-none-eabi/lib/thumb/v7e-m+fp/hard/libc_nano.a(libc_a-findfp.o) (__sread)
/home/xenia/st/stm32cubeide_1.14.0/plugins/com.st.stm32cube.ide.mcu.externaltools.gnu-tools-for-stm32.11.3.rel1.linux64_1.1.100.202309141235/tools/bin/../lib/gcc/arm-none-eabi/11.3.1/../../../../arm-none-eabi/lib/thumb/v7e-m+fp/hard/libc_nano.a(libc_a-memset.o)
                              /home/xenia/st/stm32cubeide_1.14.0/plugins/com.st.stm32cube.ide.mcu.externaltools.gnu-tools-for-stm32.11.3.rel1.linux64_1.1.100.202309141235/tools/bin/../lib/gcc/arm-none-eabi/11.3.1/../../../../arm-none-eabi/lib/thumb/v7e-m+fp/hard/crt0.o (memset)
/home/xenia/st/stm32cubeide_1.14.0/plugins/com.st.stm32cube.ide.mcu.externaltools.gnu-tools-for-stm32.11.3.rel1.linux64_1.1.100.202309141235/tools/bin/../lib/gcc/arm-none-eabi/11.3.1/../../../../arm-none-eabi/lib/thumb/v7e-m+fp/hard/libc_nano.a(libc_a-closer.o)
                              /home/xenia/st/stm32cubeide_1.14.0/plugins/com.st.stm32cube.ide.mcu.externaltools.gnu-tools-for-stm32.11.3.rel1.linux64_1.1.100.202309141235/tools/bin/../lib/gcc/arm-none-eabi/11.3.1/../../../../arm-none-eabi/lib/thumb/v7e-m+fp/hard/libc_nano.a(libc_a-stdio.o) (_close_r)
/home/xenia/st/stm32cubeide_1.14.0/plugins/com.st.stm32cube.ide.mcu.externaltools.gnu-tools-for-stm32.11.3.rel1.linux64_1.1.100.202309141235/tools/bin/../lib/gcc/arm-none-eabi/11.3.1/../../../../arm-none-eabi/lib/thumb/v7e-m+fp/hard/libc_nano.a(libc_a-reent.o)
                              /home/xenia/st/stm32cubeide_1.14.0/plugins/com.st.stm32cube.ide.mcu.externaltools.gnu-tools-for-stm32.11.3.rel1.linux64_1.1.100.202309141235/tools/bin/../lib/gcc/arm-none-eabi/11.3.1/../../../../arm-none-eabi/lib/thumb/v7e-m+fp/hard/libc_nano.a(libc_a-closer.o) (errno)
/home/xenia/st/stm32cubeide_1.14.0/plugins/com.st.stm32cube.ide.mcu.externaltools.gnu-tools-for-stm32.11.3.rel1.linux64_1.1.100.202309141235/tools/bin/../lib/gcc/arm-none-eabi/11.3.1/../../../../arm-none-eabi/lib/thumb/v7e-m+fp/hard/libc_nano.a(libc_a-impure.o)
                              /home/xenia/st/stm32cubeide_1.14.0/plugins/com.st.stm32cube.ide.mcu.externaltools.gnu-tools-for-stm32.11.3.rel1.linux64_1.1.100.202309141235/tools/bin/../lib/gcc/arm-none-eabi/11.3.1/../../../../arm-none-eabi/lib/thumb/v7e-m+fp/hard/libc_nano.a(libc_a-reent.o) (_impure_ptr)
/home/xenia/st/stm32cubeide_1.14.0/plugins/com.st.stm32cube.ide.mcu.externaltools.gnu-tools-for-stm32.11.3.rel1.linux64_1.1.100.202309141235/tools/bin/../lib/gcc/arm-none-eabi/11.3.1/../../../../arm-none-eabi/lib/thumb/v7e-m+fp/hard/libc_nano.a(libc_a-lseekr.o)
[...]
Memory Configuration

Name             Origin             Length             Attributes
RAM              0x0000000020000000 0x0000000000020000 xrw
FLASH            0x0000000008000000 0x0000000000080000 xr
*default*        0x0000000000000000 0xffffffffffffffff

Linker script and memory map

LOAD /home/xenia/st/stm32cubeide_1.14.0/plugins/com.st.stm32cube.ide.mcu.externaltools.gnu-tools-for-stm32.11.3.rel1.linux64_1.1.100.202309141235/tools/bin/../lib/gcc/arm-none-eabi/11.3.1/thumb/v7e-m+fp/hard/crti.o
LOAD /home/xenia/st/stm32cubeide_1.14.0/plugins/com.st.stm32cube.ide.mcu.externaltools.gnu-tools-for-stm32.11.3.rel1.linux64_1.1.100.202309141235/tools/bin/../lib/gcc/arm-none-eabi/11.3.1/thumb/v7e-m+fp/hard/crtbegin.o
LOAD /home/xenia/st/stm32cubeide_1.14.0/plugins/com.st.stm32cube.ide.mcu.externaltools.gnu-tools-for-stm32.11.3.rel1.linux64_1.1.100.202309141235/tools/bin/../lib/gcc/arm-none-eabi/11.3.1/../../../../arm-none-eabi/lib/thumb/v7e-m+fp/hard/crt0.o
LOAD ./Core/Src/main.o
LOAD ./Core/Src/motor_control.o
LOAD ./Core/Src/odom.o
LOAD ./Core/Src/stm32f4xx_hal_msp.o
LOAD ./Core/Src/stm32f4xx_it.o
LOAD ./Core/Src/syscalls.o
LOAD ./Core/Src/sysmem.o
LOAD ./Core/Src/system_stm32f4xx.o
LOAD ./Core/Src/task_scheduler.o
LOAD ./Core/Src/uart.o
LOAD ./Core/Startup/startup_stm32f411retx.o
LOAD ./Drivers/STM32F4xx_HAL_Driver/Src/stm32f4xx_hal.o
LOAD ./Drivers/STM32F4xx_HAL_Driver/Src/stm32f4xx_hal_cortex.o
LOAD ./Drivers/STM32F4xx_HAL_Driver/Src/stm32f4xx_hal_dma.o
LOAD ./Drivers/STM32F4xx_HAL_Driver/Src/stm32f4xx_hal_dma_ex.o
LOAD ./Drivers/STM32F4xx_HAL_Driver/Src/stm32f4xx_hal_exti.o
LOAD ./Drivers/STM32F4xx_HAL_Driver/Src/stm32f4xx_hal_flash.o
LOAD ./Drivers/STM32F4xx_HAL_Driver/Src/stm32f4xx_hal_flash_ex.o
LOAD ./Drivers/STM32F4xx_HAL_Driver/Src/stm32f4xx_hal_flash_ramfunc.o
LOAD ./Drivers/STM32F4xx_HAL_Driver/Src/stm32f4xx_hal_gpio.o
LOAD ./Drivers/STM32F4xx_HAL_Driver/Src/stm32f4xx_hal_pwr.o
LOAD ./Drivers/STM32F4xx_HAL_Driver/Src/stm32f4xx_hal_pwr_ex.o
LOAD ./Drivers/STM32F4xx_HAL_Driver/Src/stm32f4xx_hal_rcc.o
LOAD ./Drivers/STM32F4xx_HAL_Driver/Src/stm32f4xx_hal_rcc_ex.o
LOAD ./Drivers/STM32F4xx_HAL_Driver/Src/stm32f4xx_hal_tim.o
LOAD ./Drivers/STM32F4xx_HAL_Driver/Src/stm32f4xx_hal_tim_ex.o
START GROUP
LOAD /home/xenia/st/stm32cubeide_1.14.0/plugins/com.st.stm32cube.ide.mcu.externaltools.gnu-tools-for-stm32.11.3.rel1.linux64_1.1.100.202309141235/tools/bin/../lib/gcc/arm-none-eabi/11.3.1/../../../../arm-none-eabi/lib/thumb/v7e-m+fp/hard/libc_nano.a
LOAD /home/xenia/st/stm32cubeide_1.14.0/plugins/com.st.stm32cube.ide.mcu.externaltools.gnu-tools-for-stm32.11.3.rel1.linux64_1.1.100.202309141235/tools/bin/../lib/gcc/arm-none-eabi/11.3.1/../../../../arm-none-eabi/lib/thumb/v7e-m+fp/hard/libm.a
END GROUP
START GROUP
LOAD /home/xenia/st/stm32cubeide_1.14.0/plugins/com.st.stm32cube.ide.mcu.externaltools.gnu-tools-for-stm32.11.3.rel1.linux64_1.1.100.202309141235/tools/bin/../lib/gcc/arm-none-eabi/11.3.1/thumb/v7e-m+fp/hard/libgcc.a
LOAD /home/xenia/st/stm32cubeide_1.14.0/plugins/com.st.stm32cube.ide.mcu.externaltools.gnu-tools-for-stm32.11.3.rel1.linux64_1.1.100.202309141235/tools/bin/../lib/gcc/arm-none-eabi/11.3.1/../../../../arm-none-eabi/lib/thumb/v7e-m+fp/hard/libc_nano.a
END GROUP
START GROUP
LOAD /home/xenia/st/stm32cubeide_1.14.0/plugins/com.st.stm32cube.ide.mcu.externaltools.gnu-tools-for-stm32.11.3.rel1.linux64_1.1.100.202309141235/tools/bin/../lib/gcc/arm-none-eabi/11.3.1/thumb/v7e-m+fp/hard/libgcc.a
LOAD /home/xenia/st/stm32cubeide_1.14.0/plugins/com.st.stm32cube.ide.mcu.externaltools.gnu-tools-for-stm32.11.3.rel1.linux64_1.1.100.202309141235/tools/bin/../lib/gcc/arm-none-eabi/11.3.1/../../../../arm-none-eabi/lib/thumb/v7e-m+fp/hard/libc_nano.a
LOAD /home/xenia/st/stm32cubeide_1.14.0/plugins/com.st.stm32cube.ide.mcu.externaltools.gnu-tools-for-stm32.11.3.rel1.linux64_1.1.100.202309141235/tools/bin/../lib/gcc/arm-none-eabi/11.3.1/../../../../arm-none-eabi/lib/thumb/v7e-m+fp/hard/libnosys.a
END GROUP
START GROUP
LOAD /home/xenia/st/stm32cubeide_1.14.0/plugins/com.st.stm32cube.ide.mcu.externaltools.gnu-tools-for-stm32.11.3.rel1.linux64_1.1.100.202309141235/tools/bin/../lib/gcc/arm-none-eabi/11.3.1/thumb/v7e-m+fp/hard/libgcc.a
LOAD /home/xenia/st/stm32cubeide_1.14.0/plugins/com.st.stm32cube.ide.mcu.externaltools.gnu-tools-for-stm32.11.3.rel1.linux64_1.1.100.202309141235/tools/bin/../lib/gcc/arm-none-eabi/11.3.1/../../../../arm-none-eabi/lib/thumb/v7e-m+fp/hard/libc_nano.a
LOAD /home/xenia/st/stm32cubeide_1.14.0/plugins/com.st.stm32cube.ide.mcu.externaltools.gnu-tools-for-stm32.11.3.rel1.linux64_1.1.100.202309141235/tools/bin/../lib/gcc/arm-none-eabi/11.3.1/../../../../arm-none-eabi/lib/thumb/v7e-m+fp/hard/libnosys.a
END GROUP
LOAD /home/xenia/st/stm32cubeide_1.14.0/plugins/com.st.stm32cube.ide.mcu.externaltools.gnu-tools-for-stm32.11.3.rel1.linux64_1.1.100.202309141235/tools/bin/../lib/gcc/arm-none-eabi/11.3.1/thumb/v7e-m+fp/hard/crtend.o
LOAD /home/xenia/st/stm32cubeide_1.14.0/plugins/com.st.stm32cube.ide.mcu.externaltools.gnu-tools-for-stm32.11.3.rel1.linux64_1.1.100.202309141235/tools/bin/../lib/gcc/arm-none-eabi/11.3.1/thumb/v7e-m+fp/hard/crtn.o
                0x0000000020020000                _estack = (ORIGIN (RAM) + LENGTH (RAM))
                0x0000000000000200                _Min_Heap_Size = 0x200
                0x0000000000000400                _Min_Stack_Size = 0x400

.isr_vector     0x0000000008000000      0x198
                0x0000000008000000                . = ALIGN (0x4)
 *(.isr_vector)
 .isr_vector    0x0000000008000000      0x198 ./Core/Startup/startup_stm32f411retx.o
                0x0000000008000000                g_pfnVectors
                0x0000000008000198                . = ALIGN (0x4)

.text           0x0000000008000198     0x42e8
                0x0000000008000198                . = ALIGN (0x4)
 *(.text)
 .text          0x0000000008000198       0x40 /home/xenia/st/stm32cubeide_1.14.0/plugins/com.st.stm32cube.ide.mcu.externaltools.gnu-tools-for-stm32.11.3.rel1.linux64_1.1.100.202309141235/tools/bin/../lib/gcc/arm-none-eabi/11.3.1/thumb/v7e-m+fp/hard/crtbegin.o
 .text          0x00000000080001d8      0x254 /home/xenia/st/stm32cubeide_1.14.0/plugins/com.st.stm32cube.ide.mcu.externaltools.gnu-tools-for-stm32.11.3.rel1.linux64_1.1.100.202309141235/tools/bin/../lib/gcc/arm-none-eabi/11.3.1/thumb/v7e-m+fp/hard/libgcc.a(_arm_muldf3.o)
                0x00000000080001d8                __aeabi_dmul
                0x00000000080001d8                __muldf3
 .text          0x000000000800042c      0x378 /home/xenia/st/stm32cubeide_1.14.0/plugins/com.st.stm32cube.ide.mcu.externaltools.gnu-tools-for-stm32.11.3.rel1.linux64_1.1.100.202309141235/tools/bin/../lib/gcc/arm-none-eabi/11.3.1/thumb/v7e-m+fp/hard/libgcc.a(_arm_addsubdf3.o)
                0x000000000800042c                __aeabi_drsub
                0x0000000008000434                __aeabi_dsub
                0x0000000008000434                __subdf3
                0x0000000008000438                __adddf3
                0x0000000008000438                __aeabi_dadd
                0x00000000080006b0                __aeabi_ui2d
                0x00000000080006b0                __floatunsidf
                0x00000000080006d0                __floatsidf
                0x00000000080006d0                __aeabi_i2d
                0x00000000080006f4                __extendsfdf2
                0x00000000080006f4                __aeabi_f2d
                0x0000000008000738                __aeabi_ul2d
                0x0000000008000738                __floatundidf
                0x0000000008000748                __floatdidf
                0x0000000008000748                __aeabi_l2d
 .text          0x00000000080007a4      0x110 /home/xenia/st/stm32cubeide_1.14.0/plugins/com.st.stm32cube.ide.mcu.externaltools.gnu-tools-for-stm32.11.3.rel1.linux64_1.1.100.202309141235/tools/bin/../lib/gcc/arm-none-eabi/11.3.1/thumb/v7e-m+fp/hard/libgcc.a(_arm_cmpdf2.o)
                0x00000000080007a4                __gtdf2
                0x00000000080007a4                __gedf2
                0x00000000080007ac                __ltdf2
                0x00000000080007ac                __ledf2
                0x00000000080007b4                __cmpdf2
                0x00000000080007b4                __eqdf2
                0x00000000080007b4                __nedf2
                0x0000000008000830                __aeabi_cdrcmple
                0x0000000008000840                __aeabi_cdcmple
                0x0000000008000840                __aeabi_cdcmpeq
                0x0000000008000850                __aeabi_dcmpeq
                0x0000000008000864                __aeabi_dcmplt
                0x0000000008000878                __aeabi_dcmple
                0x000000000800088c                __aeabi_dcmpge
                0x00000000080008a0                __aeabi_dcmpgt
 .text          0x00000000080008b4       0x50 /home/xenia/st/stm32cubeide_1.14.0/plugins/com.st.stm32cube.ide.mcu.externaltools.gnu-tools-for-stm32.11.3.rel1.linux64_1.1.100.202309141235/tools/bin/../lib/gcc/arm-none-eabi/11.3.1/thumb/v7e-m+fp/hard/libgcc.a(_arm_fixdfsi.o)
                0x00000000080008b4                __fixdfsi
                0x00000000080008b4                __aeabi_d2iz
 .text          0x0000000008000904       0xa0 /home/xenia/st/stm32cubeide_1.14.0/plugins/com.st.stm32cube.ide.mcu.externaltools.gnu-tools-for-stm32.11.3.rel1.linux64_1.1.100.202309141235/tools/bin/../lib/gcc/arm-none-eabi/11.3.1/thumb/v7e-m+fp/hard/libgcc.a(_arm_truncdfsf2.o)
                0x0000000008000904                __aeabi_d2f
                0x0000000008000904                __truncdfsf2
 .text          0x00000000080009a4       0x30 /home/xenia/st/stm32cubeide_1.14.0/plugins/com.st.stm32cube.ide.mcu.externaltools.gnu-tools-for-stm32.11.3.rel1.linux64_1.1.100.202309141235/tools/bin/../lib/gcc/arm-none-eabi/11.3.1/thumb/v7e-m+fp/hard/libgcc.a(_aeabi_uldivmod.o)
                0x00000000080009a4                __aeabi_uldivmod
 .text          0x00000000080009d4      0x2c8 /home/xenia/st/stm32cubeide_1.14.0/plugins/com.st.stm32cube.ide.mcu.externaltools.gnu-tools-for-stm32.11.3.rel1.linux64_1.1.100.202309141235/tools/bin/../lib/gcc/arm-none-eabi/11.3.1/thumb/v7e-m+fp/hard/libgcc.a(_udivmoddi4.o)
                0x00000000080009d4                __udivmoddi4
 .text          0x0000000008000c9c        0x4 /home/xenia/st/stm32cubeide_1.14.0/plugins/com.st.stm32cube.ide.mcu.externaltools.gnu-tools-for-stm32.11.3.rel1.linux64_1.1.100.202309141235/tools/bin/../lib/gcc/arm-none-eabi/11.3.1/thumb/v7e-m+fp/hard/libgcc.a(_dvmd_tls.o)
                0x0000000008000c9c                __aeabi_ldiv0
                0x0000000008000c9c                __aeabi_idiv0
 *(.text*)
 .text.main     0x0000000008000ca0       0x40 ./Core/Src/main.o
                0x0000000008000ca0                main
 .text.SystemClock_Config
                0x0000000008000ce0       0xd4 ./Core/Src/main.o
                0x0000000008000ce0                SystemClock_Config
 .text.MX_GPIO_Init
                0x0000000008000db4       0xb4 ./Core/Src/main.o
 .text.Error_Handler
                0x0000000008000e68        0xa ./Core/Src/main.o
                0x0000000008000e68                Error_Handler
 *fill*         0x0000000008000e72        0x2 
 .text.__NVIC_SetPriorityGrouping
                0x0000000008000e74       0x48 ./Core/Src/motor_control.o
 .text.__NVIC_EnableIRQ
                0x0000000008000ebc       0x3c ./Core/Src/motor_control.o
 .text.__NVIC_SetPriority
                0x0000000008000ef8       0x54 ./Core/Src/motor_control.o
 .text.NVIC_EncodePriority
                0x0000000008000f4c       0x66 ./Core/Src/motor_control.o
 *fill*         0x0000000008000fb2        0x2 
 .text.Motors_Init
                0x0000000008000fb4      0x354 ./Core/Src/motor_control.o
                0x0000000008000fb4                Motors_Init
 .text.PID_Odom_Interrupt_Init
                0x0000000008001308       0x74 ./Core/Src/motor_control.o
                0x0000000008001308                PID_Odom_Interrupt_Init
 .text.TIM1_UP_TIM10_IRQHandler
                0x000000000800137c      0x10c ./Core/Src/motor_control.o
                0x000000000800137c                TIM1_UP_TIM10_IRQHandler
 .text.Set_Motor_Speed
                0x0000000008001488       0x30 ./Core/Src/motor_control.o
                0x0000000008001488                Set_Motor_Speed
 .text.Compute_PID
                0x00000000080014b8       0xfc ./Core/Src/motor_control.o
                0x00000000080014b8                Compute_PID
 .text.Set_Motor_Direction
                0x00000000080015b4       0x94 ./Core/Src/motor_control.o
                0x00000000080015b4                Set_Motor_Direction
 .text.Set_Motor_PWM
                0x0000000008001648       0x46 ./Core/Src/motor_control.o
                0x0000000008001648                Set_Motor_PWM
 .text.Set_Pin  0x000000000800168e       0x4e ./Core/Src/motor_control.o
                0x000000000800168e                Set_Pin
 .text.Encoders_Init
                0x00000000080016dc      0x264 ./Core/Src/odom.o
                0x00000000080016dc                Encoders_Init
 .text.Read_Encoders
                0x0000000008001940      0x24c ./Core/Src/odom.o
                0x0000000008001940                Read_Encoders
 .text.Reset_Encoders
                0x0000000008001b8c       0x68 ./Core/Src/odom.o
                0x0000000008001b8c                Reset_Encoders
 .text.HAL_MspInit
                0x0000000008001bf4       0x50 ./Core/Src/stm32f4xx_hal_msp.o
                0x0000000008001bf4                HAL_MspInit
 .text.NMI_Handler
                0x0000000008001c44        0x6 ./Core/Src/stm32f4xx_it.o
                0x0000000008001c44                NMI_Handler
 .text.HardFault_Handler
                0x0000000008001c4a        0x6 ./Core/Src/stm32f4xx_it.o
                0x0000000008001c4a                HardFault_Handler
 .text.MemManage_Handler
                0x0000000008001c50        0x6 ./Core/Src/stm32f4xx_it.o
                0x0000000008001c50                MemManage_Handler
 .text.BusFault_Handler
                0x0000000008001c56        0x6 ./Core/Src/stm32f4xx_it.o
                0x0000000008001c56                BusFault_Handler
 .text.UsageFault_Handler
                0x0000000008001c5c        0x6 ./Core/Src/stm32f4xx_it.o
                0x0000000008001c5c                UsageFault_Handler
 .text.SVC_Handler
                0x0000000008001c62        0xe ./Core/Src/stm32f4xx_it.o
                0x0000000008001c62                SVC_Handler
 .text.DebugMon_Handler
                0x0000000008001c70        0xe ./Core/Src/stm32f4xx_it.o
                0x0000000008001c70                DebugMon_Handler
 .text.PendSV_Handler
                0x0000000008001c7e        0xe ./Core/Src/stm32f4xx_it.o
                0x0000000008001c7e                PendSV_Handler
 .text.SysTick_Handler
                0x0000000008001c8c        0xc ./Core/Src/stm32f4xx_it.o
                0x0000000008001c8c                SysTick_Handler
 .text.SystemInit
                0x0000000008001c98       0x24 ./Core/Src/system_stm32f4xx.o
                0x0000000008001c98                SystemInit
 .text.__NVIC_SetPriorityGrouping
                0x0000000008001cbc       0x48 ./Core/Src/uart.o
 .text.__NVIC_EnableIRQ
                0x0000000008001d04       0x3c ./Core/Src/uart.o
 .text.__NVIC_SetPriority
                0x0000000008001d40       0x54 ./Core/Src/uart.o
 .text.NVIC_EncodePriority
                0x0000000008001d94       0x66 ./Core/Src/uart.o
 .text.buffer_write
                0x0000000008001dfa       0x4e ./Core/Src/uart.o
 .text.buffer_read
                0x0000000008001e48       0x60 ./Core/Src/uart.o
 .text.buffer_check
                0x0000000008001ea8       0x52 ./Core/Src/uart.o
 *fill*         0x0000000008001efa        0x2 
 .text.USART2_Init
                0x0000000008001efc       0xbc ./Core/Src/uart.o
                0x0000000008001efc                USART2_Init
 .text.USART2_IRQHandler
                0x0000000008001fb8       0x40 ./Core/Src/uart.o
                0x0000000008001fb8                USART2_IRQHandler
 .text.UART_Interrupt_Init
                0x0000000008001ff8       0x74 ./Core/Src/uart.o
                0x0000000008001ff8                UART_Interrupt_Init
 .text.TIM1_TRG_COM_TIM11_IRQHandler
                0x000000000800206c      0x148 ./Core/Src/uart.o
                0x000000000800206c                TIM1_TRG_COM_TIM11_IRQHandler
 .text.Read_Float
                0x00000000080021b4       0x5c ./Core/Src/uart.o
                0x00000000080021b4                Read_Float
 .text.Send_Byte
                0x0000000008002210       0x30 ./Core/Src/uart.o
                0x0000000008002210                Send_Byte
 .text.Send_Buffer
                0x0000000008002240       0x44 ./Core/Src/uart.o
                0x0000000008002240                Send_Buffer
 .text.Read_Buffer
                0x0000000008002284       0xdc ./Core/Src/uart.o
                0x0000000008002284                Read_Buffer
 .text.Send_Command
                0x0000000008002360       0xb4 ./Core/Src/uart.o
                0x0000000008002360                Send_Command
 .text.Reset_Handler
                0x0000000008002414       0x50 ./Core/Startup/startup_stm32f411retx.o
                0x0000000008002414                Reset_Handler
 .text.Default_Handler
                0x0000000008002464        0x2 ./Core/Startup/startup_stm32f411retx.o
                0x0000000008002464                RTC_Alarm_IRQHandler
                0x0000000008002464                EXTI2_IRQHandler
                0x0000000008002464                SPI4_IRQHandler
                0x0000000008002464                TIM1_CC_IRQHandler
                0x0000000008002464                DMA2_Stream5_IRQHandler
                0x0000000008002464                DMA1_Stream5_IRQHandler
                0x0000000008002464                PVD_IRQHandler
                0x0000000008002464                SDIO_IRQHandler
                0x0000000008002464                TAMP_STAMP_IRQHandler
                0x0000000008002464                EXTI3_IRQHandler
                0x0000000008002464                I2C3_ER_IRQHandler
                0x0000000008002464                EXTI0_IRQHandler
                0x0000000008002464                I2C2_EV_IRQHandler
                0x0000000008002464                DMA1_Stream2_IRQHandler
                0x0000000008002464                FPU_IRQHandler
                0x0000000008002464                DMA2_Stream2_IRQHandler
                0x0000000008002464                SPI1_IRQHandler
                0x0000000008002464                TIM1_BRK_TIM9_IRQHandler
                0x0000000008002464                DMA2_Stream3_IRQHandler
                0x0000000008002464                USART6_IRQHandler
                0x0000000008002464                DMA2_Stream0_IRQHandler
                0x0000000008002464                TIM4_IRQHandler
                0x0000000008002464                I2C1_EV_IRQHandler
                0x0000000008002464                DMA1_Stream6_IRQHandler
                0x0000000008002464                DMA1_Stream1_IRQHandler
                0x0000000008002464                TIM3_IRQHandler
                0x0000000008002464                RCC_IRQHandler
                0x0000000008002464                Default_Handler
                0x0000000008002464                EXTI15_10_IRQHandler
                0x0000000008002464                ADC_IRQHandler
                0x0000000008002464                DMA1_Stream7_IRQHandler
                0x0000000008002464                SPI5_IRQHandler
                0x0000000008002464                TIM5_IRQHandler
                0x0000000008002464                DMA2_Stream7_IRQHandler
                0x0000000008002464                I2C3_EV_IRQHandler
                0x0000000008002464                EXTI9_5_IRQHandler
                0x0000000008002464                RTC_WKUP_IRQHandler
                0x0000000008002464                SPI2_IRQHandler
                0x0000000008002464                DMA1_Stream0_IRQHandler
                0x0000000008002464                EXTI4_IRQHandler
                0x0000000008002464                WWDG_IRQHandler
                0x0000000008002464                TIM2_IRQHandler
                0x0000000008002464                OTG_FS_WKUP_IRQHandler
                0x0000000008002464                EXTI1_IRQHandler
                0x0000000008002464                I2C2_ER_IRQHandler
                0x0000000008002464                DMA2_Stream1_IRQHandler
                0x0000000008002464                FLASH_IRQHandler
                0x0000000008002464                DMA2_Stream4_IRQHandler
                0x0000000008002464                USART1_IRQHandler
                0x0000000008002464                OTG_FS_IRQHandler
                0x0000000008002464                SPI3_IRQHandler
                0x0000000008002464                DMA1_Stream4_IRQHandler
                0x0000000008002464                I2C1_ER_IRQHandler
                0x0000000008002464                DMA2_Stream6_IRQHandler
                0x0000000008002464                DMA1_Stream3_IRQHandler
 *fill*         0x0000000008002466        0x2 
 .text.HAL_Init
                0x0000000008002468       0x44 ./Drivers/STM32F4xx_HAL_Driver/Src/stm32f4xx_hal.o
                0x0000000008002468                HAL_Init
 .text.HAL_InitTick
                0x00000000080024ac       0x60 ./Drivers/STM32F4xx_HAL_Driver/Src/stm32f4xx_hal.o
                0x00000000080024ac                HAL_InitTick
 .text.HAL_IncTick
                0x000000000800250c       0x28 ./Drivers/STM32F4xx_HAL_Driver/Src/stm32f4xx_hal.o
                0x000000000800250c                HAL_IncTick
 .text.HAL_GetTick
                0x0000000008002534       0x18 ./Drivers/STM32F4xx_HAL_Driver/Src/stm32f4xx_hal.o
                0x0000000008002534                HAL_GetTick
 .text.__NVIC_SetPriorityGrouping
                0x000000000800254c       0x48 ./Drivers/STM32F4xx_HAL_Driver/Src/stm32f4xx_hal_cortex.o
 .text.__NVIC_GetPriorityGrouping
                0x0000000008002594       0x1c ./Drivers/STM32F4xx_HAL_Driver/Src/stm32f4xx_hal_cortex.o
 .text.__NVIC_SetPriority
                0x00000000080025b0       0x54 ./Drivers/STM32F4xx_HAL_Driver/Src/stm32f4xx_hal_cortex.o
 .text.NVIC_EncodePriority
                0x0000000008002604       0x66 ./Drivers/STM32F4xx_HAL_Driver/Src/stm32f4xx_hal_cortex.o
 *fill*         0x000000000800266a        0x2 
 .text.SysTick_Config
                0x000000000800266c       0x44 ./Drivers/STM32F4xx_HAL_Driver/Src/stm32f4xx_hal_cortex.o
 .text.HAL_NVIC_SetPriorityGrouping
                0x00000000080026b0       0x16 ./Drivers/STM32F4xx_HAL_Driver/Src/stm32f4xx_hal_cortex.o
                0x00000000080026b0                HAL_NVIC_SetPriorityGrouping
 .text.HAL_NVIC_SetPriority
                0x00000000080026c6       0x38 ./Drivers/STM32F4xx_HAL_Driver/Src/stm32f4xx_hal_cortex.o
                0x00000000080026c6                HAL_NVIC_SetPriority
 .text.HAL_SYSTICK_Config
                0x00000000080026fe       0x18 ./Drivers/STM32F4xx_HAL_Driver/Src/stm32f4xx_hal_cortex.o
                0x00000000080026fe                HAL_SYSTICK_Config
 *fill*         0x0000000008002716        0x2 
 .text.HAL_GPIO_Init
                0x0000000008002718      0x308 ./Drivers/STM32F4xx_HAL_Driver/Src/stm32f4xx_hal_gpio.o
                0x0000000008002718                HAL_GPIO_Init
 .text.HAL_RCC_OscConfig
                0x0000000008002a20      0x4f0 ./Drivers/STM32F4xx_HAL_Driver/Src/stm32f4xx_hal_rcc.o
                0x0000000008002a20                HAL_RCC_OscConfig
 .text.HAL_RCC_ClockConfig
                0x0000000008002f10      0x1cc ./Drivers/STM32F4xx_HAL_Driver/Src/stm32f4xx_hal_rcc.o
                0x0000000008002f10                HAL_RCC_ClockConfig
 .text.HAL_RCC_GetSysClockFreq
                0x00000000080030dc      0x20c ./Drivers/STM32F4xx_HAL_Driver/Src/stm32f4xx_hal_rcc.o
                0x00000000080030dc                HAL_RCC_GetSysClockFreq
 .text.memset   0x00000000080032e8       0x10 /home/xenia/st/stm32cubeide_1.14.0/plugins/com.st.stm32cube.ide.mcu.externaltools.gnu-tools-for-stm32.11.3.rel1.linux64_1.1.100.202309141235/tools/bin/../lib/gcc/arm-none-eabi/11.3.1/../../../../arm-none-eabi/lib/thumb/v7e-m+fp/hard/libc_nano.a(libc_a-memset.o)
                0x00000000080032e8                memset
 .text.__libc_init_array
                0x00000000080032f8       0x48 /home/xenia/st/stm32cubeide_1.14.0/plugins/com.st.stm32cube.ide.mcu.externaltools.gnu-tools-for-stm32.11.3.rel1.linux64_1.1.100.202309141235/tools/bin/../lib/gcc/arm-none-eabi/11.3.1/../../../../arm-none-eabi/lib/thumb/v7e-m+fp/hard/libc_nano.a(libc_a-init.o)
                0x00000000080032f8                __libc_init_array
 .text.cos      0x0000000008003340       0xa8 /home/xenia/st/stm32cubeide_1.14.0/plugins/com.st.stm32cube.ide.mcu.externaltools.gnu-tools-for-stm32.11.3.rel1.linux64_1.1.100.202309141235/tools/bin/../lib/gcc/arm-none-eabi/11.3.1/../../../../arm-none-eabi/lib/thumb/v7e-m+fp/hard/libm.a(libm_a-s_cos.o)
                0x0000000008003340                cos
 .text.sin      0x00000000080033e8       0xb0 /home/xenia/st/stm32cubeide_1.14.0/plugins/com.st.stm32cube.ide.mcu.externaltools.gnu-tools-for-stm32.11.3.rel1.linux64_1.1.100.202309141235/tools/bin/../lib/gcc/arm-none-eabi/11.3.1/../../../../arm-none-eabi/lib/thumb/v7e-m+fp/hard/libm.a(libm_a-s_sin.o)
                0x00000000080033e8                sin
 .text.__kernel_cos
                0x0000000008003498      0x18c /home/xenia/st/stm32cubeide_1.14.0/plugins/com.st.stm32cube.ide.mcu.externaltools.gnu-tools-for-stm32.11.3.rel1.linux64_1.1.100.202309141235/tools/bin/../lib/gcc/arm-none-eabi/11.3.1/../../../../arm-none-eabi/lib/thumb/v7e-m+fp/hard/libm.a(libm_a-k_cos.o)
                0x0000000008003498                __kernel_cos
 *fill*         0x0000000008003624        0x4 
 .text.__kernel_sin
                0x0000000008003628      0x17c /home/xenia/st/stm32cubeide_1.14.0/plugins/com.st.stm32cube.ide.mcu.externaltools.gnu-tools-for-stm32.11.3.rel1.linux64_1.1.100.202309141235/tools/bin/../lib/gcc/arm-none-eabi/11.3.1/../../../../arm-none-eabi/lib/thumb/v7e-m+fp/hard/libm.a(libm_a-k_sin.o)
                0x0000000008003628                __kernel_sin
 *fill*         0x00000000080037a4        0x4 
 .text.__ieee754_rem_pio2
                0x00000000080037a8      0x40c /home/xenia/st/stm32cubeide_1.14.0/plugins/com.st.stm32cube.ide.mcu.externaltools.gnu-tools-for-stm32.11.3.rel1.linux64_1.1.100.202309141235/tools/bin/../lib/gcc/arm-none-eabi/11.3.1/../../../../arm-none-eabi/lib/thumb/v7e-m+fp/hard/libm.a(libm_a-e_rem_pio2.o)
                0x00000000080037a8                __ieee754_rem_pio2
 .text.fabs     0x0000000008003bb4       0x12 /home/xenia/st/stm32cubeide_1.14.0/plugins/com.st.stm32cube.ide.mcu.externaltools.gnu-tools-for-stm32.11.3.rel1.linux64_1.1.100.202309141235/tools/bin/../lib/gcc/arm-none-eabi/11.3.1/../../../../arm-none-eabi/lib/thumb/v7e-m+fp/hard/libm.a(libm_a-s_fabs.o)
                0x0000000008003bb4                fabs
 *fill*         0x0000000008003bc6        0x2 
 .text.__kernel_rem_pio2
                0x0000000008003bc8      0x69c /home/xenia/st/stm32cubeide_1.14.0/plugins/com.st.stm32cube.ide.mcu.externaltools.gnu-tools-for-stm32.11.3.rel1.linux64_1.1.100.202309141235/tools/bin/../lib/gcc/arm-none-eabi/11.3.1/../../../../arm-none-eabi/lib/thumb/v7e-m+fp/hard/libm.a(libm_a-k_rem_pio2.o)
                0x0000000008003bc8                __kernel_rem_pio2
 *fill*         0x0000000008004264        0x4 
 .text.scalbn   0x0000000008004268       0xfc /home/xenia/st/stm32cubeide_1.14.0/plugins/com.st.stm32cube.ide.mcu.externaltools.gnu-tools-for-stm32.11.3.rel1.linux64_1.1.100.202309141235/tools/bin/../lib/gcc/arm-none-eabi/11.3.1/../../../../arm-none-eabi/lib/thumb/v7e-m+fp/hard/libm.a(libm_a-s_scalbn.o)
                0x0000000008004268                scalbn
 *fill*         0x0000000008004364        0x4 
 .text.floor    0x0000000008004368      0x100 /home/xenia/st/stm32cubeide_1.14.0/plugins/com.st.stm32cube.ide.mcu.externaltools.gnu-tools-for-stm32.11.3.rel1.linux64_1.1.100.202309141235/tools/bin/../lib/gcc/arm-none-eabi/11.3.1/../../../../arm-none-eabi/lib/thumb/v7e-m+fp/hard/libm.a(libm_a-s_floor.o)
                0x0000000008004368                floor
 *(.glue_7)
 .glue_7        0x0000000008004468        0x0 linker stubs
 *(.glue_7t)
 .glue_7t       0x0000000008004468        0x0 linker stubs
 *(.eh_frame)
 .eh_frame      0x0000000008004468        0x0 /home/xenia/st/stm32cubeide_1.14.0/plugins/com.st.stm32cube.ide.mcu.externaltools.gnu-tools-for-stm32.11.3.rel1.linux64_1.1.100.202309141235/tools/bin/../lib/gcc/arm-none-eabi/11.3.1/thumb/v7e-m+fp/hard/crtbegin.o
 *(.init)
 .init          0x0000000008004468        0x4 /home/xenia/st/stm32cubeide_1.14.0/plugins/com.st.stm32cube.ide.mcu.externaltools.gnu-tools-for-stm32.11.3.rel1.linux64_1.1.100.202309141235/tools/bin/../lib/gcc/arm-none-eabi/11.3.1/thumb/v7e-m+fp/hard/crti.o
                0x0000000008004468                _init
 .init          0x000000000800446c        0x8 /home/xenia/st/stm32cubeide_1.14.0/plugins/com.st.stm32cube.ide.mcu.externaltools.gnu-tools-for-stm32.11.3.rel1.linux64_1.1.100.202309141235/tools/bin/../lib/gcc/arm-none-eabi/11.3.1/thumb/v7e-m+fp/hard/crtn.o
 *(.fini)
 .fini          0x0000000008004474        0x4 /home/xenia/st/stm32cubeide_1.14.0/plugins/com.st.stm32cube.ide.mcu.externaltools.gnu-tools-for-stm32.11.3.rel1.linux64_1.1.100.202309141235/tools/bin/../lib/gcc/arm-none-eabi/11.3.1/thumb/v7e-m+fp/hard/crti.o
                0x0000000008004474                _fini
 .fini          0x0000000008004478        0x8 /home/xenia/st/stm32cubeide_1.14.0/plugins/com.st.stm32cube.ide.mcu.externaltools.gnu-tools-for-stm32.11.3.rel1.linux64_1.1.100.202309141235/tools/bin/../lib/gcc/arm-none-eabi/11.3.1/thumb/v7e-m+fp/hard/crtn.o
                0x0000000008004480                . = ALIGN (0x4)
                0x0000000008004480                _etext = .

.vfp11_veneer   0x0000000008004480        0x0
 .vfp11_veneer  0x0000000008004480        0x0 linker stubs

.v4_bx          0x0000000008004480        0x0
 .v4_bx         0x0000000008004480        0x0 linker stubs

.iplt           0x0000000008004480        0x0
 .iplt          0x0000000008004480        0x0 /home/xenia/st/stm32cubeide_1.14.0/plugins/com.st.stm32cube.ide.mcu.externaltools.gnu-tools-for-stm32.11.3.rel1.linux64_1.1.100.202309141235/tools/bin/../lib/gcc/arm-none-eabi/11.3.1/thumb/v7e-m+fp/hard/crtbegin.o

.rodata         0x0000000008004480      0x1e8
                0x0000000008004480                . = ALIGN (0x4)
 *(.rodata)
 *(.rodata*)
 .rodata.AHBPrescTable
                0x0000000008004480       0x10 ./Core/Src/system_stm32f4xx.o
                0x0000000008004480                AHBPrescTable
 .rodata.npio2_hw
                0x0000000008004490       0x80 /home/xenia/st/stm32cubeide_1.14.0/plugins/com.st.stm32cube.ide.mcu.externaltools.gnu-tools-for-stm32.11.3.rel1.linux64_1.1.100.202309141235/tools/bin/../lib/gcc/arm-none-eabi/11.3.1/../../../../arm-none-eabi/lib/thumb/v7e-m+fp/hard/libm.a(libm_a-e_rem_pio2.o)
 .rodata.two_over_pi
                0x0000000008004510      0x108 /home/xenia/st/stm32cubeide_1.14.0/plugins/com.st.stm32cube.ide.mcu.externaltools.gnu-tools-for-stm32.11.3.rel1.linux64_1.1.100.202309141235/tools/bin/../lib/gcc/arm-none-eabi/11.3.1/../../../../arm-none-eabi/lib/thumb/v7e-m+fp/hard/libm.a(libm_a-e_rem_pio2.o)
 .rodata.PIo2   0x0000000008004618       0x40 /home/xenia/st/stm32cubeide_1.14.0/plugins/com.st.stm32cube.ide.mcu.externaltools.gnu-tools-for-stm32.11.3.rel1.linux64_1.1.100.202309141235/tools/bin/../lib/gcc/arm-none-eabi/11.3.1/../../../../arm-none-eabi/lib/thumb/v7e-m+fp/hard/libm.a(libm_a-k_rem_pio2.o)
 .rodata.init_jk
                0x0000000008004658       0x10 /home/xenia/st/stm32cubeide_1.14.0/plugins/com.st.stm32cube.ide.mcu.externaltools.gnu-tools-for-stm32.11.3.rel1.linux64_1.1.100.202309141235/tools/bin/../lib/gcc/arm-none-eabi/11.3.1/../../../../arm-none-eabi/lib/thumb/v7e-m+fp/hard/libm.a(libm_a-k_rem_pio2.o)
                0x0000000008004668                . = ALIGN (0x4)

.ARM.extab      0x0000000008004668        0x0
                0x0000000008004668                . = ALIGN (0x4)
 *(.ARM.extab* .gnu.linkonce.armextab.*)
                0x0000000008004668                . = ALIGN (0x4)

.ARM            0x0000000008004668        0x8
                0x0000000008004668                . = ALIGN (0x4)
                0x0000000008004668                __exidx_start = .
 *(.ARM.exidx*)
 .ARM.exidx     0x0000000008004668        0x8 /home/xenia/st/stm32cubeide_1.14.0/plugins/com.st.stm32cube.ide.mcu.externaltools.gnu-tools-for-stm32.11.3.rel1.linux64_1.1.100.202309141235/tools/bin/../lib/gcc/arm-none-eabi/11.3.1/thumb/v7e-m+fp/hard/libgcc.a(_udivmoddi4.o)
                0x0000000008004670                __exidx_end = .
                0x0000000008004670                . = ALIGN (0x4)

.rel.dyn        0x0000000008004670        0x0
 .rel.iplt      0x0000000008004670        0x0 /home/xenia/st/stm32cubeide_1.14.0/plugins/com.st.stm32cube.ide.mcu.externaltools.gnu-tools-for-stm32.11.3.rel1.linux64_1.1.100.202309141235/tools/bin/../lib/gcc/arm-none-eabi/11.3.1/thumb/v7e-m+fp/hard/crtbegin.o

.preinit_array  0x0000000008004670        0x0
                0x0000000008004670                . = ALIGN (0x4)
                0x0000000008004670                PROVIDE (__preinit_array_start = .)
 *(.preinit_array*)
                0x0000000008004670                PROVIDE (__preinit_array_end = .)
                0x0000000008004670                . = ALIGN (0x4)

.init_array     0x0000000008004670        0x4
                0x0000000008004670                . = ALIGN (0x4)
                0x0000000008004670                PROVIDE (__init_array_start = .)
 *(SORT_BY_NAME(.init_array.*))
 *(.init_array*)
 .init_array    0x0000000008004670        0x4 /home/xenia/st/stm32cubeide_1.14.0/plugins/com.st.stm32cube.ide.mcu.externaltools.gnu-tools-for-stm32.11.3.rel1.linux64_1.1.100.202309141235/tools/bin/../lib/gcc/arm-none-eabi/11.3.1/thumb/v7e-m+fp/hard/crtbegin.o
                0x0000000008004674                PROVIDE (__init_array_end = .)
                0x0000000008004674                . = ALIGN (0x4)

.fini_array     0x0000000008004674        0x4
                0x0000000008004674                . = ALIGN (0x4)
                [!provide]                        PROVIDE (__fini_array_start = .)
 *(SORT_BY_NAME(.fini_array.*))
 *(.fini_array*)
 .fini_array    0x0000000008004674        0x4 /home/xenia/st/stm32cubeide_1.14.0/plugins/com.st.stm32cube.ide.mcu.externaltools.gnu-tools-for-stm32.11.3.rel1.linux64_1.1.100.202309141235/tools/bin/../lib/gcc/arm-none-eabi/11.3.1/thumb/v7e-m+fp/hard/crtbegin.o
                [!provide]                        PROVIDE (__fini_array_end = .)
                0x0000000008004678                . = ALIGN (0x4)
                0x0000000008004678                _sidata = LOADADDR (.data)

.data           0x0000000020000000       0xf8 load address 0x0000000008004678
                0x0000000020000000                . = ALIGN (0x4)
                0x0000000020000000                _sdata = .
 *(.data)
 *(.data*)
 .data.init_odom
                0x0000000020000000       0x14 ./Core/Src/main.o
                0x0000000020000000                init_odom
 .data.BI2      0x0000000020000014        0x8 ./Core/Src/motor_control.o
                0x0000000020000014                BI2
 .data.BI1      0x000000002000001c        0x8 ./Core/Src/motor_control.o
                0x000000002000001c                BI1
 .data.AI2      0x0000000020000024        0x8 ./Core/Src/motor_control.o
                0x0000000020000024                AI2
 .data.AI1      0x000000002000002c        0x8 ./Core/Src/motor_control.o
                0x000000002000002c                AI1
 .data.PWMA     0x0000000020000034        0x8 ./Core/Src/motor_control.o
                0x0000000020000034                PWMA
 .data.PWMB     0x000000002000003c        0x8 ./Core/Src/motor_control.o
                0x000000002000003c                PWMB
 .data.left_motor
                0x0000000020000044       0x28 ./Core/Src/motor_control.o
                0x0000000020000044                left_motor
 .data.right_motor
                0x000000002000006c       0x28 ./Core/Src/motor_control.o
                0x000000002000006c                right_motor
 .data.LEFTA    0x0000000020000094        0x8 ./Core/Src/odom.o
                0x0000000020000094                LEFTA
 .data.LEFTB    0x000000002000009c        0x8 ./Core/Src/odom.o
                0x000000002000009c                LEFTB
 .data.RIGHTA   0x00000000200000a4        0x8 ./Core/Src/odom.o
                0x00000000200000a4                RIGHTA
 .data.RIGHTB   0x00000000200000ac        0x8 ./Core/Src/odom.o
                0x00000000200000ac                RIGHTB
 .data.LEFT     0x00000000200000b4        0x4 ./Core/Src/odom.o
                0x00000000200000b4                LEFT
 .data.RIGHT    0x00000000200000b8        0x4 ./Core/Src/odom.o
                0x00000000200000b8                RIGHT
 .data.odom     0x00000000200000bc       0x14 ./Core/Src/odom.o
                0x00000000200000bc                odom
 .data.SystemCoreClock
                0x00000000200000d0        0x4 ./Core/Src/system_stm32f4xx.o
                0x00000000200000d0                SystemCoreClock
 .data.in_buf   0x00000000200000d4        0xc ./Core/Src/uart.o
                0x00000000200000d4                in_buf
 .data.out_buf  0x00000000200000e0        0xc ./Core/Src/uart.o
                0x00000000200000e0                out_buf
 .data.ack      0x00000000200000ec        0x4 ./Core/Src/uart.o
                0x00000000200000ec                ack
 .data.uwTickPrio
                0x00000000200000f0        0x4 ./Drivers/STM32F4xx_HAL_Driver/Src/stm32f4xx_hal.o
                0x00000000200000f0                uwTickPrio
 .data.uwTickFreq
                0x00000000200000f4        0x1 ./Drivers/STM32F4xx_HAL_Driver/Src/stm32f4xx_hal.o
                0x00000000200000f4                uwTickFreq
 *(.RamFunc)
 *(.RamFunc*)
                0x00000000200000f8                . = ALIGN (0x4)
 *fill*         0x00000000200000f5        0x3 
                0x00000000200000f8                _edata = .

.igot.plt       0x00000000200000f8        0x0 load address 0x0000000008004770
 .igot.plt      0x00000000200000f8        0x0 /home/xenia/st/stm32cubeide_1.14.0/plugins/com.st.stm32cube.ide.mcu.externaltools.gnu-tools-for-stm32.11.3.rel1.linux64_1.1.100.202309141235/tools/bin/../lib/gcc/arm-none-eabi/11.3.1/thumb/v7e-m+fp/hard/crtbegin.o
                0x00000000200000f8                . = ALIGN (0x4)

.bss            0x00000000200000f8      0x188 load address 0x0000000008004770
                0x00000000200000f8                _sbss = .
                0x00000000200000f8                __bss_start__ = _sbss
 *(.bss)
 .bss           0x00000000200000f8       0x1c /home/xenia/st/stm32cubeide_1.14.0/plugins/com.st.stm32cube.ide.mcu.externaltools.gnu-tools-for-stm32.11.3.rel1.linux64_1.1.100.202309141235/tools/bin/../lib/gcc/arm-none-eabi/11.3.1/thumb/v7e-m+fp/hard/crtbegin.o
 *(.bss*)
 .bss.q0        0x0000000020000114        0x4 ./Core/Src/motor_control.o
                0x0000000020000114                q0
 .bss.q1        0x0000000020000118        0x4 ./Core/Src/motor_control.o
                0x0000000020000118                q1
 .bss.q2        0x000000002000011c        0x4 ./Core/Src/motor_control.o
                0x000000002000011c                q2
 .bss.interrupt_counter
                0x0000000020000120        0x4 ./Core/Src/motor_control.o
                0x0000000020000120                interrupt_counter
 .bss.send_odom
                0x0000000020000124        0xc ./Core/Src/motor_control.o
                0x0000000020000124                send_odom
 .bss.last_left_enc
                0x0000000020000130        0x4 ./Core/Src/odom.o
                0x0000000020000130                last_left_enc
 .bss.last_right_enc
                0x0000000020000134        0x4 ./Core/Src/odom.o
                0x0000000020000134                last_right_enc
 .bss.curr_left_enc
                0x0000000020000138        0x4 ./Core/Src/odom.o
                0x0000000020000138                curr_left_enc
 .bss.curr_right_enc
                0x000000002000013c        0x4 ./Core/Src/odom.o
                0x000000002000013c                curr_right_enc
 .bss.delta_left
                0x0000000020000140        0x4 ./Core/Src/odom.o
                0x0000000020000140                delta_left
 .bss.delta_right
                0x0000000020000144        0x4 ./Core/Src/odom.o
                0x0000000020000144                delta_right
 .bss.delta_distance
                0x0000000020000148        0x4 ./Core/Src/odom.o
                0x0000000020000148                delta_distance
 .bss.delta_theta
                0x000000002000014c        0x4 ./Core/Src/odom.o
                0x000000002000014c                delta_theta
 .bss.uart_interrupt_counter
                0x0000000020000150        0x4 ./Core/Src/uart.o
                0x0000000020000150                uart_interrupt_counter
 .bss.in_buffer
                0x0000000020000154       0x81 ./Core/Src/uart.o
                0x0000000020000154                in_buffer
 *fill*         0x00000000200001d5        0x3 
 .bss.out_buffer
                0x00000000200001d8       0x81 ./Core/Src/uart.o
                0x00000000200001d8                out_buffer
 .bss.first     0x0000000020000259        0x1 ./Core/Src/uart.o
                0x0000000020000259                first
 .bss.len       0x000000002000025a        0x1 ./Core/Src/uart.o
                0x000000002000025a                len
 .bss.last      0x000000002000025b        0x1 ./Core/Src/uart.o
                0x000000002000025b                last
 .bss.size      0x000000002000025c        0x1 ./Core/Src/uart.o
                0x000000002000025c                size
 .bss.send_data
                0x000000002000025d        0x1 ./Core/Src/uart.o
                0x000000002000025d                send_data
 *fill*         0x000000002000025e        0x2 
 .bss.recv      0x0000000020000260       0x14 ./Core/Src/uart.o
                0x0000000020000260                recv
 .bss.bad_msg_counter
                0x0000000020000274        0x1 ./Core/Src/uart.o
                0x0000000020000274                bad_msg_counter
 .bss.c         0x0000000020000275        0x1 ./Core/Src/uart.o
                0x0000000020000275                c
 .bss.null      0x0000000020000276        0x1 ./Core/Src/uart.o
                0x0000000020000276                null
 *fill*         0x0000000020000277        0x1 
 .bss.convert_float
                0x0000000020000278        0x4 ./Core/Src/uart.o
                0x0000000020000278                convert_float
 .bss.uwTick    0x000000002000027c        0x4 ./Drivers/STM32F4xx_HAL_Driver/Src/stm32f4xx_hal.o
                0x000000002000027c                uwTick
 *(COMMON)
                0x0000000020000280                . = ALIGN (0x4)
                0x0000000020000280                _ebss = .
                0x0000000020000280                __bss_end__ = _ebss

._user_heap_stack
                0x0000000020000280      0x600 load address 0x0000000008004770
                0x0000000020000280                . = ALIGN (0x8)
                [!provide]                        PROVIDE (end = .)
                0x0000000020000280                PROVIDE (_end = .)
                0x0000000020000480                . = (. + _Min_Heap_Size)
 *fill*         0x0000000020000280      0x200 
                0x0000000020000880                . = (. + _Min_Stack_Size)
 *fill*         0x0000000020000480      0x400 
                0x0000000020000880                . = ALIGN (0x8)

/DISCARD/
 libc.a(*)
 libm.a(*)
 libgcc.a(*)

.ARM.attributes
                0x0000000000000000       0x30
 *(.ARM.attributes)
 .ARM.attributes
                0x0000000000000000       0x1e /home/xenia/st/stm32cubeide_1.14.0/plugins/com.st.stm32cube.ide.mcu.externaltools.gnu-tools-for-stm32.11.3.rel1.linux64_1.1.100.202309141235/tools/bin/../lib/gcc/arm-none-eabi/11.3.1/thumb/v7e-m+fp/hard/crti.o
 .ARM.attributes
                0x000000000000001e       0x34 /home/xenia/st/stm32cubeide_1.14.0/plugins/com.st.stm32cube.ide.mcu.externaltools.gnu-tools-for-stm32.11.3.rel1.linux64_1.1.100.202309141235/tools/bin/../lib/gcc/arm-none-eabi/11.3.1/thumb/v7e-m+fp/hard/crtbegin.o
 .ARM.attributes
                0x0000000000000052       0x34 ./Core/Src/main.o
 .ARM.attributes
                0x0000000000000086       0x34 ./Core/Src/motor_control.o
 .ARM.attributes
                0x00000000000000ba       0x34 ./Core/Src/odom.o
 .ARM.attributes
                0x00000000000000ee       0x34 ./Core/Src/stm32f4xx_hal_msp.o
 .ARM.attributes
                0x0000000000000122       0x34 ./Core/Src/stm32f4xx_it.o
 .ARM.attributes
                0x0000000000000156       0x34 ./Core/Src/system_stm32f4xx.o
 .ARM.attributes
                0x000000000000018a       0x34 ./Core/Src/uart.o
 .ARM.attributes
                0x00000000000001be       0x21 ./Core/Startup/startup_stm32f411retx.o
 .ARM.attributes
                0x00000000000001df       0x34 ./Drivers/STM32F4xx_HAL_Driver/Src/stm32f4xx_hal.o
 .ARM.attributes
                0x0000000000000213       0x34 ./Drivers/STM32F4xx_HAL_Driver/Src/stm32f4xx_hal_cortex.o
 .ARM.attributes
                0x0000000000000247       0x34 ./Drivers/STM32F4xx_HAL_Driver/Src/stm32f4xx_hal_gpio.o
 .ARM.attributes
                0x000000000000027b       0x34 ./Drivers/STM32F4xx_HAL_Driver/Src/stm32f4xx_hal_rcc.o
 .ARM.attributes
                0x00000000000002af       0x34 /home/xenia/st/stm32cubeide_1.14.0/plugins/com.st.stm32cube.ide.mcu.externaltools.gnu-tools-for-stm32.11.3.rel1.linux64_1.1.100.202309141235/tools/bin/../lib/gcc/arm-none-eabi/11.3.1/../../../../arm-none-eabi/lib/thumb/v7e-m+fp/hard/libc_nano.a(libc_a-memset.o)
 .ARM.attributes
                0x00000000000002e3       0x34 /home/xenia/st/stm32cubeide_1.14.0/plugins/com.st.stm32cube.ide.mcu.externaltools.gnu-tools-for-stm32.11.3.rel1.linux64_1.1.100.202309141235/tools/bin/../lib/gcc/arm-none-eabi/11.3.1/../../../../arm-none-eabi/lib/thumb/v7e-m+fp/hard/libc_nano.a(libc_a-init.o)
 .ARM.attributes
                0x0000000000000317       0x34 /home/xenia/st/stm32cubeide_1.14.0/plugins/com.st.stm32cube.ide.mcu.externaltools.gnu-tools-for-stm32.11.3.rel1.linux64_1.1.100.202309141235/tools/bin/../lib/gcc/arm-none-eabi/11.3.1/../../../../arm-none-eabi/lib/thumb/v7e-m+fp/hard/libm.a(libm_a-s_cos.o)
 .ARM.attributes
                0x000000000000034b       0x34 /home/xenia/st/stm32cubeide_1.14.0/plugins/com.st.stm32cube.ide.mcu.externaltools.gnu-tools-for-stm32.11.3.rel1.linux64_1.1.100.202309141235/tools/bin/../lib/gcc/arm-none-eabi/11.3.1/../../../../arm-none-eabi/lib/thumb/v7e-m+fp/hard/libm.a(libm_a-s_sin.o)
 .ARM.attributes
                0x000000000000037f       0x34 /home/xenia/st/stm32cubeide_1.14.0/plugins/com.st.stm32cube.ide.mcu.externaltools.gnu-tools-for-stm32.11.3.rel1.linux64_1.1.100.202309141235/tools/bin/../lib/gcc/arm-none-eabi/11.3.1/../../../../arm-none-eabi/lib/thumb/v7e-m+fp/hard/libm.a(libm_a-k_cos.o)
 .ARM.attributes
                0x00000000000003b3       0x34 /home/xenia/st/stm32cubeide_1.14.0/plugins/com.st.stm32cube.ide.mcu.externaltools.gnu-tools-for-stm32.11.3.rel1.linux64_1.1.100.202309141235/tools/bin/../lib/gcc/arm-none-eabi/11.3.1/../../../../arm-none-eabi/lib/thumb/v7e-m+fp/hard/libm.a(libm_a-k_sin.o)
 .ARM.attributes
                0x00000000000003e7       0x34 /home/xenia/st/stm32cubeide_1.14.0/plugins/com.st.stm32cube.ide.mcu.externaltools.gnu-tools-for-stm32.11.3.rel1.linux64_1.1.100.202309141235/tools/bin/../lib/gcc/arm-none-eabi/11.3.1/../../../../arm-none-eabi/lib/thumb/v7e-m+fp/hard/libm.a(libm_a-e_rem_pio2.o)
 .ARM.attributes
                0x000000000000041b       0x34 /home/xenia/st/stm32cubeide_1.14.0/plugins/com.st.stm32cube.ide.mcu.externaltools.gnu-tools-for-stm32.11.3.rel1.linux64_1.1.100.202309141235/tools/bin/../lib/gcc/arm-none-eabi/11.3.1/../../../../arm-none-eabi/lib/thumb/v7e-m+fp/hard/libm.a(libm_a-s_fabs.o)
 .ARM.attributes
                0x000000000000044f       0x34 /home/xenia/st/stm32cubeide_1.14.0/plugins/com.st.stm32cube.ide.mcu.externaltools.gnu-tools-for-stm32.11.3.rel1.linux64_1.1.100.202309141235/tools/bin/../lib/gcc/arm-none-eabi/11.3.1/../../../../arm-none-eabi/lib/thumb/v7e-m+fp/hard/libm.a(libm_a-k_rem_pio2.o)
 .ARM.attributes
                0x0000000000000483       0x34 /home/xenia/st/stm32cubeide_1.14.0/plugins/com.st.stm32cube.ide.mcu.externaltools.gnu-tools-for-stm32.11.3.rel1.linux64_1.1.100.202309141235/tools/bin/../lib/gcc/arm-none-eabi/11.3.1/../../../../arm-none-eabi/lib/thumb/v7e-m+fp/hard/libm.a(libm_a-s_scalbn.o)
 .ARM.attributes
                0x00000000000004b7       0x34 /home/xenia/st/stm32cubeide_1.14.0/plugins/com.st.stm32cube.ide.mcu.externaltools.gnu-tools-for-stm32.11.3.rel1.linux64_1.1.100.202309141235/tools/bin/../lib/gcc/arm-none-eabi/11.3.1/../../../../arm-none-eabi/lib/thumb/v7e-m+fp/hard/libm.a(libm_a-s_floor.o)
 .ARM.attributes
                0x00000000000004eb       0x1e /home/xenia/st/stm32cubeide_1.14.0/plugins/com.st.stm32cube.ide.mcu.externaltools.gnu-tools-for-stm32.11.3.rel1.linux64_1.1.100.202309141235/tools/bin/../lib/gcc/arm-none-eabi/11.3.1/thumb/v7e-m+fp/hard/libgcc.a(_arm_muldf3.o)
 .ARM.attributes
                0x0000000000000509       0x1e /home/xenia/st/stm32cubeide_1.14.0/plugins/com.st.stm32cube.ide.mcu.externaltools.gnu-tools-for-stm32.11.3.rel1.linux64_1.1.100.202309141235/tools/bin/../lib/gcc/arm-none-eabi/11.3.1/thumb/v7e-m+fp/hard/libgcc.a(_arm_addsubdf3.o)
 .ARM.attributes
                0x0000000000000527       0x1e /home/xenia/st/stm32cubeide_1.14.0/plugins/com.st.stm32cube.ide.mcu.externaltools.gnu-tools-for-stm32.11.3.rel1.linux64_1.1.100.202309141235/tools/bin/../lib/gcc/arm-none-eabi/11.3.1/thumb/v7e-m+fp/hard/libgcc.a(_arm_cmpdf2.o)
 .ARM.attributes
                0x0000000000000545       0x1e /home/xenia/st/stm32cubeide_1.14.0/plugins/com.st.stm32cube.ide.mcu.externaltools.gnu-tools-for-stm32.11.3.rel1.linux64_1.1.100.202309141235/tools/bin/../lib/gcc/arm-none-eabi/11.3.1/thumb/v7e-m+fp/hard/libgcc.a(_arm_fixdfsi.o)
 .ARM.attributes
                0x0000000000000563       0x1e /home/xenia/st/stm32cubeide_1.14.0/plugins/com.st.stm32cube.ide.mcu.externaltools.gnu-tools-for-stm32.11.3.rel1.linux64_1.1.100.202309141235/tools/bin/../lib/gcc/arm-none-eabi/11.3.1/thumb/v7e-m+fp/hard/libgcc.a(_arm_truncdfsf2.o)
 .ARM.attributes
                0x0000000000000581       0x1e /home/xenia/st/stm32cubeide_1.14.0/plugins/com.st.stm32cube.ide.mcu.externaltools.gnu-tools-for-stm32.11.3.rel1.linux64_1.1.100.202309141235/tools/bin/../lib/gcc/arm-none-eabi/11.3.1/thumb/v7e-m+fp/hard/libgcc.a(_aeabi_uldivmod.o)
 .ARM.attributes
                0x000000000000059f       0x34 /home/xenia/st/stm32cubeide_1.14.0/plugins/com.st.stm32cube.ide.mcu.externaltools.gnu-tools-for-stm32.11.3.rel1.linux64_1.1.100.202309141235/tools/bin/../lib/gcc/arm-none-eabi/11.3.1/thumb/v7e-m+fp/hard/libgcc.a(_udivmoddi4.o)
 .ARM.attributes
                0x00000000000005d3       0x1e /home/xenia/st/stm32cubeide_1.14.0/plugins/com.st.stm32cube.ide.mcu.externaltools.gnu-tools-for-stm32.11.3.rel1.linux64_1.1.100.202309141235/tools/bin/../lib/gcc/arm-none-eabi/11.3.1/thumb/v7e-m+fp/hard/libgcc.a(_dvmd_tls.o)
 .ARM.attributes
                0x00000000000005f1       0x1e /home/xenia/st/stm32cubeide_1.14.0/plugins/com.st.stm32cube.ide.mcu.externaltools.gnu-tools-for-stm32.11.3.rel1.linux64_1.1.100.202309141235/tools/bin/../lib/gcc/arm-none-eabi/11.3.1/thumb/v7e-m+fp/hard/crtn.o
OUTPUT(Robotic.elf elf32-littlearm)
LOAD linker stubs
LOAD /home/xenia/st/stm32cubeide_1.14.0/plugins/com.st.stm32cube.ide.mcu.externaltools.gnu-tools-for-stm32.11.3.rel1.linux64_1.1.100.202309141235/tools/bin/../lib/gcc/arm-none-eabi/11.3.1/../../../../arm-none-eabi/lib/thumb/v7e-m+fp/hard/libc.a
LOAD /home/xenia/st/stm32cubeide_1.14.0/plugins/com.st.stm32cube.ide.mcu.externaltools.gnu-tools-for-stm32.11.3.rel1.linux64_1.1.100.202309141235/tools/bin/../lib/gcc/arm-none-eabi/11.3.1/../../../../arm-none-eabi/lib/thumb/v7e-m+fp/hard/libm.a
LOAD /home/xenia/st/stm32cubeide_1.14.0/plugins/com.st.stm32cube.ide.mcu.externaltools.gnu-tools-for-stm32.11.3.rel1.linux64_1.1.100.202309141235/tools/bin/../lib/gcc/arm-none-eabi/11.3.1/thumb/v7e-m+fp/hard/libgcc.a

.comment        0x0000000000000000       0x43
 .comment       0x0000000000000000       0x43 /home/xenia/st/stm32cubeide_1.14.0/plugins/com.st.stm32cube.ide.mcu.externaltools.gnu-tools-for-stm32.11.3.rel1.linux64_1.1.100.202309141235/tools/bin/../lib/gcc/arm-none-eabi/11.3.1/thumb/v7e-m+fp/hard/crtbegin.o
                                         0x44 (size before relaxing)
 .comment       0x0000000000000043       0x44 ./Core/Src/main.o
 .comment       0x0000000000000043       0x44 ./Core/Src/motor_control.o
 .comment       0x0000000000000043       0x44 ./Core/Src/odom.o
 .comment       0x0000000000000043       0x44 ./Core/Src/stm32f4xx_hal_msp.o
 .comment       0x0000000000000043       0x44 ./Core/Src/stm32f4xx_it.o
 .comment       0x0000000000000043       0x44 ./Core/Src/system_stm32f4xx.o
 .comment       0x0000000000000043       0x44 ./Core/Src/uart.o
 .comment       0x0000000000000043       0x44 ./Drivers/STM32F4xx_HAL_Driver/Src/stm32f4xx_hal.o
 .comment       0x0000000000000043       0x44 ./Drivers/STM32F4xx_HAL_Driver/Src/stm32f4xx_hal_cortex.o
 .comment       0x0000000000000043       0x44 ./Drivers/STM32F4xx_HAL_Driver/Src/stm32f4xx_hal_gpio.o
 .comment       0x0000000000000043       0x44 ./Drivers/STM32F4xx_HAL_Driver/Src/stm32f4xx_hal_rcc.o

.debug_info     0x0000000000000000     0x59de
 .debug_info    0x0000000000000000      0x775 ./Core/Src/main.o
 .debug_info    0x0000000000000775      0xdb8 ./Core/Src/motor_control.o
 .debug_info    0x000000000000152d      0x664 ./Core/Src/odom.o
 .debug_info    0x0000000000001b91      0x2b9 ./Core/Src/stm32f4xx_hal_msp.o
 .debug_info    0x0000000000001e4a      0x127 ./Core/Src/stm32f4xx_it.o
 .debug_info    0x0000000000001f71      0x53e ./Core/Src/system_stm32f4xx.o
 .debug_info    0x00000000000024af      0xf96 ./Core/Src/uart.o
 .debug_info    0x0000000000003445       0x23 ./Core/Startup/startup_stm32f411retx.o
 .debug_info    0x0000000000003468      0x8c4 ./Drivers/STM32F4xx_HAL_Driver/Src/stm32f4xx_hal.o
 .debug_info    0x0000000000003d2c      0xcc7 ./Drivers/STM32F4xx_HAL_Driver/Src/stm32f4xx_hal_cortex.o
 .debug_info    0x00000000000049f3      0x6f9 ./Drivers/STM32F4xx_HAL_Driver/Src/stm32f4xx_hal_gpio.o
 .debug_info    0x00000000000050ec      0x8f2 ./Drivers/STM32F4xx_HAL_Driver/Src/stm32f4xx_hal_rcc.o

.debug_abbrev   0x0000000000000000     0x1646
 .debug_abbrev  0x0000000000000000      0x22f ./Core/Src/main.o
 .debug_abbrev  0x000000000000022f      0x2bd ./Core/Src/motor_control.o
 .debug_abbrev  0x00000000000004ec      0x16b ./Core/Src/odom.o
 .debug_abbrev  0x0000000000000657       0xf4 ./Core/Src/stm32f4xx_hal_msp.o
 .debug_abbrev  0x000000000000074b       0x73 ./Core/Src/stm32f4xx_it.o
 .debug_abbrev  0x00000000000007be      0x11a ./Core/Src/system_stm32f4xx.o
 .debug_abbrev  0x00000000000008d8      0x361 ./Core/Src/uart.o
 .debug_abbrev  0x0000000000000c39       0x12 ./Core/Startup/startup_stm32f411retx.o
 .debug_abbrev  0x0000000000000c4b      0x24b ./Drivers/STM32F4xx_HAL_Driver/Src/stm32f4xx_hal.o
 .debug_abbrev  0x0000000000000e96      0x328 ./Drivers/STM32F4xx_HAL_Driver/Src/stm32f4xx_hal_cortex.o
 .debug_abbrev  0x00000000000011be      0x1d3 ./Drivers/STM32F4xx_HAL_Driver/Src/stm32f4xx_hal_gpio.o
 .debug_abbrev  0x0000000000001391      0x2b5 ./Drivers/STM32F4xx_HAL_Driver/Src/stm32f4xx_hal_rcc.o

.debug_aranges  0x0000000000000000      0x538
 .debug_aranges
                0x0000000000000000       0x38 ./Core/Src/main.o
 .debug_aranges
                0x0000000000000038       0x78 ./Core/Src/motor_control.o
 .debug_aranges
                0x00000000000000b0       0x30 ./Core/Src/odom.o
 .debug_aranges
                0x00000000000000e0       0x20 ./Core/Src/stm32f4xx_hal_msp.o
 .debug_aranges
                0x0000000000000100       0x60 ./Core/Src/stm32f4xx_it.o
 .debug_aranges
                0x0000000000000160       0x28 ./Core/Src/system_stm32f4xx.o
 .debug_aranges
                0x0000000000000188       0x98 ./Core/Src/uart.o
 .debug_aranges
                0x0000000000000220       0x28 ./Core/Startup/startup_stm32f411retx.o
 .debug_aranges
                0x0000000000000248       0xf0 ./Drivers/STM32F4xx_HAL_Driver/Src/stm32f4xx_hal.o
 .debug_aranges
                0x0000000000000338      0x120 ./Drivers/STM32F4xx_HAL_Driver/Src/stm32f4xx_hal_cortex.o
 .debug_aranges
                0x0000000000000458       0x58 ./Drivers/STM32F4xx_HAL_Driver/Src/stm32f4xx_hal_gpio.o
 .debug_aranges
                0x00000000000004b0       0x88 ./Drivers/STM32F4xx_HAL_Driver/Src/stm32f4xx_hal_rcc.o

.debug_rnglists
                0x0000000000000000      0x3c3
 .debug_rnglists
                0x0000000000000000       0x27 ./Core/Src/main.o
 .debug_rnglists
                0x0000000000000027       0x59 ./Core/Src/motor_control.o
 .debug_rnglists
                0x0000000000000080       0x21 ./Core/Src/odom.o
 .debug_rnglists
                0x00000000000000a1       0x13 ./Core/Src/stm32f4xx_hal_msp.o
 .debug_rnglists
                0x00000000000000b4       0x43 ./Core/Src/stm32f4xx_it.o
 .debug_rnglists
                0x00000000000000f7       0x1a ./Core/Src/system_stm32f4xx.o
 .debug_rnglists
                0x0000000000000111       0x71 ./Core/Src/uart.o
 .debug_rnglists
                0x0000000000000182       0x19 ./Core/Startup/startup_stm32f411retx.o
 .debug_rnglists
                0x000000000000019b       0xaf ./Drivers/STM32F4xx_HAL_Driver/Src/stm32f4xx_hal.o
 .debug_rnglists
                0x000000000000024a       0xd4 ./Drivers/STM32F4xx_HAL_Driver/Src/stm32f4xx_hal_cortex.o
 .debug_rnglists
                0x000000000000031e       0x3f ./Drivers/STM32F4xx_HAL_Driver/Src/stm32f4xx_hal_gpio.o
 .debug_rnglists
                0x000000000000035d       0x66 ./Drivers/STM32F4xx_HAL_Driver/Src/stm32f4xx_hal_rcc.o

.debug_macro    0x0000000000000000    0x15ad2
 .debug_macro   0x0000000000000000      0x313 ./Core/Src/main.o
 .debug_macro   0x0000000000000313      0xaa8 ./Core/Src/main.o
 .debug_macro   0x0000000000000dbb      0x28f ./Core/Src/main.o
 .debug_macro   0x000000000000104a       0x2e ./Core/Src/main.o
 .debug_macro   0x0000000000001078       0x28 ./Core/Src/main.o
 .debug_macro   0x00000000000010a0       0x22 ./Core/Src/main.o
 .debug_macro   0x00000000000010c2       0x8e ./Core/Src/main.o
 .debug_macro   0x0000000000001150       0x51 ./Core/Src/main.o
 .debug_macro   0x00000000000011a1      0x103 ./Core/Src/main.o
 .debug_macro   0x00000000000012a4       0x6a ./Core/Src/main.o
 .debug_macro   0x000000000000130e      0x1df ./Core/Src/main.o
 .debug_macro   0x00000000000014ed       0x1c ./Core/Src/main.o
 .debug_macro   0x0000000000001509       0x22 ./Core/Src/main.o
 .debug_macro   0x000000000000152b       0xfb ./Core/Src/main.o
 .debug_macro   0x0000000000001626     0x1011 ./Core/Src/main.o
 .debug_macro   0x0000000000002637      0x11f ./Core/Src/main.o
 .debug_macro   0x0000000000002756     0xb953 ./Core/Src/main.o
 .debug_macro   0x000000000000e0a9       0x6d ./Core/Src/main.o
 .debug_macro   0x000000000000e116     0x368c ./Core/Src/main.o
 .debug_macro   0x00000000000117a2      0x174 ./Core/Src/main.o
 .debug_macro   0x0000000000011916       0x5c ./Core/Src/main.o
 .debug_macro   0x0000000000011972      0x45c ./Core/Src/main.o
 .debug_macro   0x0000000000011dce      0x9e9 ./Core/Src/main.o
 .debug_macro   0x00000000000127b7      0x115 ./Core/Src/main.o
 .debug_macro   0x00000000000128cc      0x11b ./Core/Src/main.o
 .debug_macro   0x00000000000129e7       0xa5 ./Core/Src/main.o
 .debug_macro   0x0000000000012a8c      0x15f ./Core/Src/main.o
 .debug_macro   0x0000000000012beb      0x287 ./Core/Src/main.o
 .debug_macro   0x0000000000012e72       0x5f ./Core/Src/main.o
 .debug_macro   0x0000000000012ed1      0x236 ./Core/Src/main.o
 .debug_macro   0x0000000000013107      0x132 ./Core/Src/main.o
 .debug_macro   0x0000000000013239      0x264 ./Core/Src/main.o
 .debug_macro   0x000000000001349d       0x2e ./Core/Src/main.o
 .debug_macro   0x00000000000134cb      0x127 ./Core/Src/main.o
 .debug_macro   0x00000000000135f2       0x85 ./Core/Src/main.o
 .debug_macro   0x0000000000013677       0x89 ./Core/Src/main.o
 .debug_macro   0x0000000000013700      0x126 ./Core/Src/main.o
 .debug_macro   0x0000000000013826       0x61 ./Core/Src/main.o
 .debug_macro   0x0000000000013887       0x2a ./Core/Src/main.o
 .debug_macro   0x00000000000138b1       0x43 ./Core/Src/main.o
 .debug_macro   0x00000000000138f4       0x34 ./Core/Src/main.o
 .debug_macro   0x0000000000013928       0x16 ./Core/Src/main.o
 .debug_macro   0x000000000001393e       0x43 ./Core/Src/main.o
 .debug_macro   0x0000000000013981       0x34 ./Core/Src/main.o
 .debug_macro   0x00000000000139b5       0x10 ./Core/Src/main.o
 .debug_macro   0x00000000000139c5       0x58 ./Core/Src/main.o
 .debug_macro   0x0000000000013a1d       0x8e ./Core/Src/main.o
 .debug_macro   0x0000000000013aab       0x1c ./Core/Src/main.o
 .debug_macro   0x0000000000013ac7      0x177 ./Core/Src/main.o
 .debug_macro   0x0000000000013c3e      0x369 ./Core/Src/main.o
 .debug_macro   0x0000000000013fa7      0x19b ./Core/Src/main.o
 .debug_macro   0x0000000000014142       0x28 ./Core/Src/main.o
 .debug_macro   0x000000000001416a       0x16 ./Core/Src/main.o
 .debug_macro   0x0000000000014180       0x35 ./Core/Src/main.o
 .debug_macro   0x00000000000141b5       0x20 ./Core/Src/main.o
 .debug_macro   0x00000000000141d5       0x52 ./Core/Src/main.o
 .debug_macro   0x0000000000014227       0x16 ./Core/Src/main.o
 .debug_macro   0x000000000001423d       0x16 ./Core/Src/main.o
 .debug_macro   0x0000000000014253       0x29 ./Core/Src/main.o
 .debug_macro   0x000000000001427c       0x10 ./Core/Src/main.o
 .debug_macro   0x000000000001428c       0x34 ./Core/Src/main.o
 .debug_macro   0x00000000000142c0      0x304 ./Core/Src/motor_control.o
 .debug_macro   0x00000000000145c4      0x274 ./Core/Src/odom.o
 .debug_macro   0x0000000000014838      0x313 ./Core/Src/stm32f4xx_hal_msp.o
 .debug_macro   0x0000000000014b4b      0x31d ./Core/Src/stm32f4xx_it.o
 .debug_macro   0x0000000000014e68      0x1b0 ./Core/Src/system_stm32f4xx.o
 .debug_macro   0x0000000000015018      0x30a ./Core/Src/uart.o
 .debug_macro   0x0000000000015322       0x10 ./Core/Src/uart.o
 .debug_macro   0x0000000000015332       0x56 ./Core/Src/uart.o
 .debug_macro   0x0000000000015388      0x210 ./Drivers/STM32F4xx_HAL_Driver/Src/stm32f4xx_hal.o
 .debug_macro   0x0000000000015598      0x1b0 ./Drivers/STM32F4xx_HAL_Driver/Src/stm32f4xx_hal_cortex.o
 .debug_macro   0x0000000000015748      0x1b6 ./Drivers/STM32F4xx_HAL_Driver/Src/stm32f4xx_hal_gpio.o
 .debug_macro   0x00000000000158fe      0x1d4 ./Drivers/STM32F4xx_HAL_Driver/Src/stm32f4xx_hal_rcc.o

.debug_line     0x0000000000000000     0x71ac
 .debug_line    0x0000000000000000      0x8e0 ./Core/Src/main.o
 .debug_line    0x00000000000008e0      0xd13 ./Core/Src/motor_control.o
 .debug_line    0x00000000000015f3      0x9f1 ./Core/Src/odom.o
 .debug_line    0x0000000000001fe4      0x83e ./Core/Src/stm32f4xx_hal_msp.o
 .debug_line    0x0000000000002822      0x8ff ./Core/Src/stm32f4xx_it.o
 .debug_line    0x0000000000003121      0x6e8 ./Core/Src/system_stm32f4xx.o
 .debug_line    0x0000000000003809      0xc74 ./Core/Src/uart.o
 .debug_line    0x000000000000447d       0x7a ./Core/Startup/startup_stm32f411retx.o
 .debug_line    0x00000000000044f7      0x94e ./Drivers/STM32F4xx_HAL_Driver/Src/stm32f4xx_hal.o
 .debug_line    0x0000000000004e45      0xc1a ./Drivers/STM32F4xx_HAL_Driver/Src/stm32f4xx_hal_cortex.o
 .debug_line    0x0000000000005a5f      0xa86 ./Drivers/STM32F4xx_HAL_Driver/Src/stm32f4xx_hal_gpio.o
 .debug_line    0x00000000000064e5      0xcc7 ./Drivers/STM32F4xx_HAL_Driver/Src/stm32f4xx_hal_rcc.o

.debug_str      0x0000000000000000    0x83343
 .debug_str     0x0000000000000000    0x81d08 ./Core/Src/main.o
                                      0x81fc4 (size before relaxing)
 .debug_str     0x0000000000081d08      0x5a8 ./Core/Src/motor_control.o
                                      0x82318 (size before relaxing)
 .debug_str     0x00000000000822b0       0xc0 ./Core/Src/odom.o
                                      0x81b4a (size before relaxing)
 .debug_str     0x0000000000082370       0x49 ./Core/Src/stm32f4xx_hal_msp.o
                                      0x81cf7 (size before relaxing)
 .debug_str     0x00000000000823b9       0xc9 ./Core/Src/stm32f4xx_it.o
                                      0x81c4e (size before relaxing)
 .debug_str     0x0000000000082482       0x87 ./Core/Src/system_stm32f4xx.o
                                      0x7e103 (size before relaxing)
 .debug_str     0x0000000000082509      0x181 ./Core/Src/uart.o
                                      0x823ac (size before relaxing)
 .debug_str     0x000000000008268a       0x34 ./Core/Startup/startup_stm32f411retx.o
                                         0x6c (size before relaxing)
 .debug_str     0x00000000000826be      0x60f ./Drivers/STM32F4xx_HAL_Driver/Src/stm32f4xx_hal.o
                                      0x7eb2f (size before relaxing)
 .debug_str     0x0000000000082ccd      0x2d6 ./Drivers/STM32F4xx_HAL_Driver/Src/stm32f4xx_hal_cortex.o
                                      0x7e867 (size before relaxing)
 .debug_str     0x0000000000082fa3      0x16d ./Drivers/STM32F4xx_HAL_Driver/Src/stm32f4xx_hal_gpio.o
                                      0x7e27e (size before relaxing)
 .debug_str     0x0000000000083110      0x233 ./Drivers/STM32F4xx_HAL_Driver/Src/stm32f4xx_hal_rcc.o
                                      0x7e537 (size before relaxing)

.debug_frame    0x0000000000000000     0x170c
 .debug_frame   0x0000000000000000       0x8c ./Core/Src/main.o
 .debug_frame   0x000000000000008c      0x1e0 ./Core/Src/motor_control.o
 .debug_frame   0x000000000000026c       0x80 ./Core/Src/odom.o
 .debug_frame   0x00000000000002ec       0x34 ./Core/Src/stm32f4xx_hal_msp.o
 .debug_frame   0x0000000000000320      0x104 ./Core/Src/stm32f4xx_it.o
 .debug_frame   0x0000000000000424       0x58 ./Core/Src/system_stm32f4xx.o
 .debug_frame   0x000000000000047c      0x268 ./Core/Src/uart.o
 .debug_frame   0x00000000000006e4      0x374 ./Drivers/STM32F4xx_HAL_Driver/Src/stm32f4xx_hal.o
 .debug_frame   0x0000000000000a58      0x4b8 ./Drivers/STM32F4xx_HAL_Driver/Src/stm32f4xx_hal_cortex.o
 .debug_frame   0x0000000000000f10      0x14c ./Drivers/STM32F4xx_HAL_Driver/Src/stm32f4xx_hal_gpio.o
 .debug_frame   0x000000000000105c      0x1f4 ./Drivers/STM32F4xx_HAL_Driver/Src/stm32f4xx_hal_rcc.o
 .debug_frame   0x0000000000001250       0x20 /home/xenia/st/stm32cubeide_1.14.0/plugins/com.st.stm32cube.ide.mcu.externaltools.gnu-tools-for-stm32.11.3.rel1.linux64_1.1.100.202309141235/tools/bin/../lib/gcc/arm-none-eabi/11.3.1/../../../../arm-none-eabi/lib/thumb/v7e-m+fp/hard/libc_nano.a(libc_a-memset.o)
 .debug_frame   0x0000000000001270       0x2c /home/xenia/st/stm32cubeide_1.14.0/plugins/com.st.stm32cube.ide.mcu.externaltools.gnu-tools-for-stm32.11.3.rel1.linux64_1.1.100.202309141235/tools/bin/../lib/gcc/arm-none-eabi/11.3.1/../../../../arm-none-eabi/lib/thumb/v7e-m+fp/hard/libc_nano.a(libc_a-init.o)
 .debug_frame   0x000000000000129c       0x38 /home/xenia/st/stm32cubeide_1.14.0/plugins/com.st.stm32cube.ide.mcu.externaltools.gnu-tools-for-stm32.11.3.rel1.linux64_1.1.100.202309141235/tools/bin/../lib/gcc/arm-none-eabi/11.3.1/../../../../arm-none-eabi/lib/thumb/v7e-m+fp/hard/libm.a(libm_a-s_cos.o)
 .debug_frame   0x00000000000012d4       0x38 /home/xenia/st/stm32cubeide_1.14.0/plugins/com.st.stm32cube.ide.mcu.externaltools.gnu-tools-for-stm32.11.3.rel1.linux64_1.1.100.202309141235/tools/bin/../lib/gcc/arm-none-eabi/11.3.1/../../../../arm-none-eabi/lib/thumb/v7e-m+fp/hard/libm.a(libm_a-s_sin.o)
 .debug_frame   0x000000000000130c       0x3c /home/xenia/st/stm32cubeide_1.14.0/plugins/com.st.stm32cube.ide.mcu.externaltools.gnu-tools-for-stm32.11.3.rel1.linux64_1.1.100.202309141235/tools/bin/../lib/gcc/arm-none-eabi/11.3.1/../../../../arm-none-eabi/lib/thumb/v7e-m+fp/hard/libm.a(libm_a-k_cos.o)
 .debug_frame   0x0000000000001348       0x5c /home/xenia/st/stm32cubeide_1.14.0/plugins/com.st.stm32cube.ide.mcu.externaltools.gnu-tools-for-stm32.11.3.rel1.linux64_1.1.100.202309141235/tools/bin/../lib/gcc/arm-none-eabi/11.3.1/../../../../arm-none-eabi/lib/thumb/v7e-m+fp/hard/libm.a(libm_a-k_sin.o)
 .debug_frame   0x00000000000013a4       0x50 /home/xenia/st/stm32cubeide_1.14.0/plugins/com.st.stm32cube.ide.mcu.externaltools.gnu-tools-for-stm32.11.3.rel1.linux64_1.1.100.202309141235/tools/bin/../lib/gcc/arm-none-eabi/11.3.1/../../../../arm-none-eabi/lib/thumb/v7e-m+fp/hard/libm.a(libm_a-e_rem_pio2.o)
 .debug_frame   0x00000000000013f4       0x20 /home/xenia/st/stm32cubeide_1.14.0/plugins/com.st.stm32cube.ide.mcu.externaltools.gnu-tools-for-stm32.11.3.rel1.linux64_1.1.100.202309141235/tools/bin/../lib/gcc/arm-none-eabi/11.3.1/../../../../arm-none-eabi/lib/thumb/v7e-m+fp/hard/libm.a(libm_a-s_fabs.o)
 .debug_frame   0x0000000000001414       0x54 /home/xenia/st/stm32cubeide_1.14.0/plugins/com.st.stm32cube.ide.mcu.externaltools.gnu-tools-for-stm32.11.3.rel1.linux64_1.1.100.202309141235/tools/bin/../lib/gcc/arm-none-eabi/11.3.1/../../../../arm-none-eabi/lib/thumb/v7e-m+fp/hard/libm.a(libm_a-k_rem_pio2.o)
 .debug_frame   0x0000000000001468       0x2c /home/xenia/st/stm32cubeide_1.14.0/plugins/com.st.stm32cube.ide.mcu.externaltools.gnu-tools-for-stm32.11.3.rel1.linux64_1.1.100.202309141235/tools/bin/../lib/gcc/arm-none-eabi/11.3.1/../../../../arm-none-eabi/lib/thumb/v7e-m+fp/hard/libm.a(libm_a-s_scalbn.o)
 .debug_frame   0x0000000000001494       0x30 /home/xenia/st/stm32cubeide_1.14.0/plugins/com.st.stm32cube.ide.mcu.externaltools.gnu-tools-for-stm32.11.3.rel1.linux64_1.1.100.202309141235/tools/bin/../lib/gcc/arm-none-eabi/11.3.1/../../../../arm-none-eabi/lib/thumb/v7e-m+fp/hard/libm.a(libm_a-s_floor.o)
 .debug_frame   0x00000000000014c4       0x30 /home/xenia/st/stm32cubeide_1.14.0/plugins/com.st.stm32cube.ide.mcu.externaltools.gnu-tools-for-stm32.11.3.rel1.linux64_1.1.100.202309141235/tools/bin/../lib/gcc/arm-none-eabi/11.3.1/thumb/v7e-m+fp/hard/libgcc.a(_arm_muldf3.o)
 .debug_frame   0x00000000000014f4       0xac /home/xenia/st/stm32cubeide_1.14.0/plugins/com.st.stm32cube.ide.mcu.externaltools.gnu-tools-for-stm32.11.3.rel1.linux64_1.1.100.202309141235/tools/bin/../lib/gcc/arm-none-eabi/11.3.1/thumb/v7e-m+fp/hard/libgcc.a(_arm_addsubdf3.o)
 .debug_frame   0x00000000000015a0       0xc4 /home/xenia/st/stm32cubeide_1.14.0/plugins/com.st.stm32cube.ide.mcu.externaltools.gnu-tools-for-stm32.11.3.rel1.linux64_1.1.100.202309141235/tools/bin/../lib/gcc/arm-none-eabi/11.3.1/thumb/v7e-m+fp/hard/libgcc.a(_arm_cmpdf2.o)
 .debug_frame   0x0000000000001664       0x24 /home/xenia/st/stm32cubeide_1.14.0/plugins/com.st.stm32cube.ide.mcu.externaltools.gnu-tools-for-stm32.11.3.rel1.linux64_1.1.100.202309141235/tools/bin/../lib/gcc/arm-none-eabi/11.3.1/thumb/v7e-m+fp/hard/libgcc.a(_arm_fixdfsi.o)
 .debug_frame   0x0000000000001688       0x24 /home/xenia/st/stm32cubeide_1.14.0/plugins/com.st.stm32cube.ide.mcu.externaltools.gnu-tools-for-stm32.11.3.rel1.linux64_1.1.100.202309141235/tools/bin/../lib/gcc/arm-none-eabi/11.3.1/thumb/v7e-m+fp/hard/libgcc.a(_arm_truncdfsf2.o)
 .debug_frame   0x00000000000016ac       0x2c /home/xenia/st/stm32cubeide_1.14.0/plugins/com.st.stm32cube.ide.mcu.externaltools.gnu-tools-for-stm32.11.3.rel1.linux64_1.1.100.202309141235/tools/bin/../lib/gcc/arm-none-eabi/11.3.1/thumb/v7e-m+fp/hard/libgcc.a(_aeabi_uldivmod.o)
 .debug_frame   0x00000000000016d8       0x34 /home/xenia/st/stm32cubeide_1.14.0/plugins/com.st.stm32cube.ide.mcu.externaltools.gnu-tools-for-stm32.11.3.rel1.linux64_1.1.100.202309141235/tools/bin/../lib/gcc/arm-none-eabi/11.3.1/thumb/v7e-m+fp/hard/libgcc.a(_udivmoddi4.o)

.debug_line_str
                0x0000000000000000       0x60
 .debug_line_str
                0x0000000000000000       0x60 ./Core/Startup/startup_stm32f411retx.o
                                         0x78 (size before relaxing)
