../Drivers/CMSIS/Include/core_cm4.h:1653:22:__NVIC_SetPriorityGrouping	24	static
../Drivers/CMSIS/Include/core_cm4.h:1684:22:__NVIC_EnableIRQ	16	static,ignoring_inline_asm
../Drivers/CMSIS/Include/core_cm4.h:1814:22:__NVIC_SetPriority	16	static
../Drivers/CMSIS/Include/core_cm4.h:1861:26:NVIC_EncodePriority	40	static
../Core/Inc/circular_buffer.h:20:20:buffer_write	16	static
../Core/Inc/circular_buffer.h:30:23:buffer_read	24	static
../Core/Inc/circular_buffer.h:45:23:buffer_check	24	static
../Core/Src/uart.c:50:6:USART2_Init	16	static
../Core/Src/uart.c:82:6:USART2_IRQHandler	8	static
../Core/Src/uart.c:92:6:UART_Interrupt_Init	16	static
../Core/Src/uart.c:120:6:TIM1_TRG_COM_TIM11_IRQHandler	48	static
../Core/Src/uart.c:179:7:Read_Float	16	static
../Core/Src/uart.c:190:6:Send_Byte	16	static
../Core/Src/uart.c:197:6:Send_Buffer	8	static
../Core/Src/uart.c:206:6:Read_Buffer	32	static
../Core/Src/uart.c:223:6:Send_Command	24	static
